2026-08-06 22:02:54.715: [INFO] CurrentProfilePath: C:\Users\srina\AppData\Local\Temp\flutter_tools.bbc36840\flutter_tools_chrome_device.777018e4\Default
2026-08-06 22:02:54.715: [INFO] Profiles total count: 1
2026-08-06 22:02:54.715: [INFO] Profile: name=Profile 1 path=C:\Users\srina\AppData\Local\Temp\flutter_tools.bbc36840\flutter_tools_chrome_device.777018e4\Default lastActive=null
2026-08-06 22:02:54.715: [INFO] LastUsedProfileDir: C:\Users\srina\AppData\Local\Temp\flutter_tools.bbc36840\flutter_tools_chrome_device.777018e4\Default
2026-08-06 22:02:54.715: [INFO] VisibilityChanged: 0
2026-08-06 22:02:54.747: [INFO] RecordSyncInitDuration has_sync_been_enabled: 0 state: 0
2026-08-06 22:02:54.749: [INFO] RecordSyncInitDuration has_sync_been_enabled: 0 state: 0
2026-08-06 22:02:54.750: [INFO] RecordSyncInitDuration has_sync_been_enabled: 0 state: 0
2026-08-06 22:02:54.751: [INFO] RecordSyncInitDuration has_sync_been_enabled: 0 state: 0
2026-08-06 22:02:54.753: [INFO] RecordSyncInitDuration has_sync_been_enabled: 0 state: 0
2026-08-06 22:02:54.754: [INFO] RecordSyncInitDuration has_sync_been_enabled: 0 state: 0
2026-08-06 22:02:54.756: [INFO] RecordSyncInitDuration has_sync_been_enabled: 0 state: 0
2026-08-06 22:02:54.757: [INFO] RecordSyncInitDuration has_sync_been_enabled: 0 state: 0
2026-08-06 22:02:54.758: [INFO] RecordSyncInitDuration has_sync_been_enabled: 0 state: 0
2026-08-06 22:02:54.760: [INFO] RecordSyncInitDuration has_sync_been_enabled: 0 state: 0
2026-08-06 22:02:54.780: [INFO] OnDoneLoading sync enabled: 0
2026-08-06 22:02:54.780: [INFO] BookmarkModelLoaded, ids_reassigned: 0
2026-08-06 22:02:54.780: [INFO] BookmarksLoadDropped droppedNodes=0
2026-08-06 22:02:54.780: [INFO] BookmarksSnapshot Startup total=0 bar=0 other=0 mobile=0 showBar=0 showBarNTP=1
2026-08-06 22:02:54.844: [INFO] RecordSyncInitDuration has_sync_been_enabled: 0 state: 0
2026-08-06 22:02:59.129: [INFO] RecordSyncInitDuration has_sync_been_enabled: 0 state: 0
2026-08-06 22:02:59.140: [INFO] RecordSyncInitDuration has_sync_been_enabled: 0 state: 3
2026-08-06 22:02:59.148: [INFO] Primary account changed.
2026-08-06 22:02:59.148: [INFO] OnPrimaryAccountChanged PrimaryAccountChangeEvent::Type::kSet
2026-08-06 22:02:59.159: [INFO] RecordSyncInitDuration has_sync_been_enabled: 0 state: 3
2026-08-06 22:02:59.219: [INFO] RecordSyncInitDuration has_sync_been_enabled: 0 state: 3
2026-08-06 22:03:09.795: [INFO] BookmarkNodeAdded, ABU: 0
2026-08-06 22:03:09.797: [INFO] BookmarkNodeAdded, ABU: 0
2026-08-06 22:03:09.798: [INFO] BookmarkNodeAdded, ABU: 0
2026-08-06 22:03:09.798: [INFO] BookmarkNodeAdded, ABU: 0
2026-08-06 22:03:09.798: [INFO] BookmarkNodeAdded, ABU: 0
2026-08-06 22:03:59.344: [INFO] Sync initialization duration: 59993ms
2026-08-06 22:04:30.043: [INFO] VisibilityChanged: 1
2026-08-06 22:04:34.844: [INFO] VisibilityChanged: 0
2026-08-06 22:11:07.055: [INFO] BookmarksSnapshot Shutdown total=4 bar=5 other=0 mobile=0 showBar=0 showBarNTP=1
2026-08-06 22:12:19.558: [INFO] CurrentProfilePath: C:\Users\srina\AppData\Local\Temp\flutter_tools.ba1f9b07\flutter_tools_chrome_device.7b969d4\Default
2026-08-06 22:12:19.558: [INFO] Profiles total count: 1
2026-08-06 22:12:19.558: [INFO] Profile: name=Profile 1 path=C:\Users\srina\AppData\Local\Temp\flutter_tools.ba1f9b07\flutter_tools_chrome_device.7b969d4\Default lastActive=null
2026-08-06 22:12:19.558: [INFO] LastUsedProfileDir: C:\Users\srina\AppData\Local\Temp\flutter_tools.ba1f9b07\flutter_tools_chrome_device.7b969d4\Default
2026-08-06 22:12:19.558: [INFO] VisibilityChanged: 0
2026-08-06 22:12:19.614: [INFO] OnDoneLoading sync enabled: 1
2026-08-06 22:12:19.614: [INFO] BookmarkModelLoaded, ids_reassigned: 0
2026-08-06 22:12:19.614: [INFO] BookmarksLoadDropped droppedNodes=0
2026-08-06 22:12:19.614: [INFO] BookmarksSnapshot Startup total=4 bar=5 other=0 mobile=0 showBar=0 showBarNTP=1
2026-08-06 22:12:22.879: [INFO] Sync initialization duration: 1532ms
2026-08-06 22:18:09.042: [INFO] BookmarksSnapshot Shutdown total=4 bar=5 other=0 mobile=0 showBar=0 showBarNTP=1
