{"logTime": "0806/195025", "correlationVector":"vJ7M3UjYoG207KP1do+kj0.1","action":"SyncServerConnectionManagerRequest", "result":"SYNC_SERVER_OK", "context":{"environment":"Prod_southindia_prod-s01-004-apac-southindia", "migrationStage":"NotStarted", "server":"akswtt10700000m"}}
{"logTime": "0806/195025", "correlationVector":"vJ7M3UjYoG207KP1do+kj0.2","action":"ProcessGetUpdates", "result":"Done", "context":{"dataType":"Encryption Keys", "deleted":"0", "process_failed_to_decrypt":"0", "process_pending_decryption":"0", "process_success":"1", "total":"1"}}
{"logTime": "0806/195027", "correlationVector":"e0JaljR9xGKI/dE8OdM2lz","action":"SyncServerConnectionManagerRequest", "result":"SYNC_SERVER_OK", "context":{"environment":"", "migrationStage":"", "server":""}}
{"logTime": "0806/195027", "correlationVector":"e0JaljR9xGKI/dE8OdM2lz.0","action":"EncryptionKeysFetcher.DownloadKeys:", "result":"Success", "context":Key count: 2, Last key timestamp: 2026-02-24T15:39:41Z}
{"logTime": "0806/195027", "correlationVector":"e0JaljR9xGKI/dE8OdM2lz.1","action":"EncryptionKeysManager::SetEncryptionKeys:", "result":"Success", "context":Key names[2]:[KLlOS6eZ+TuQTp+deWU6tbgFjVZnbF+pd/1kp/OaIUJstsC+TLOJwC2QPnzPPWiZpONOEZ6z5orUcl7pzJV4Pg==][wW48wKF1khWEVkeK5ESpEXvW/iwulHCDsDRAeLTed0LEH35JzvA2kl2HWEsXvsQ1fpbSp1GM3sxJsCMXulWjQA==]}
{"logTime": "0806/195027", "correlationVector":"e0JaljR9xGKI/dE8OdM2lz.2","action":"EncryptionKeysManager::SetEncryptionKeysWithTimestamps:", "result":"Success", "context":Key timestamps[2]:[2025-08-12T09:37:57Z][2026-02-24T15:39:41Z]}
{"logTime": "0806/195027", "correlationVector":"vJ7M3UjYoG207KP1do+kj0","action":"Initial GetUpdates", "result":"", "context":Reason: NEW_CLIENT. cV=vJ7M3UjYoG207KP1do+kj0}
{"logTime": "0806/195027", "correlationVector":"vJ7M3UjYoG207KP1do+kj0.3","action":"GetUpdates Response", "result":"Success", "context":Received 1 update(s). cV=vJ7M3UjYoG207KP1do+kj0.0;server=akswtt10700000m;cloudType=Consumer;environment=Prod_southindia_prod-s01-004-apac-southindia;migrationStage=NotStarted}
{"logTime": "0806/195027", "correlationVector":"JqULhbSQ7AmwkufJI61ITE","action":"Initial GetUpdates", "result":"", "context":Reason: NEWLY_SUPPORTED_DATATYPE. cV=JqULhbSQ7AmwkufJI61ITE}
{"logTime": "0806/195027", "correlationVector":"JqULhbSQ7AmwkufJI61ITE.1","action":"SyncServerConnectionManagerRequest", "result":"SYNC_SERVER_OK", "context":{"environment":"Prod_southindia_prod-s01-004-apac-southindia", "migrationStage":"NotStarted", "server":"akswtt10700001y"}}
{"logTime": "0806/195027", "correlationVector":"JqULhbSQ7AmwkufJI61ITE.2","action":"ProcessGetUpdates", "result":"Done", "context":{"dataType":"Passwords", "deleted":"0", "process_failed_to_decrypt":"0", "process_pending_decryption":"0", "process_success":"13", "total":"13"}}
{"logTime": "0806/195027", "correlationVector":"JqULhbSQ7AmwkufJI61ITE.3","action":"ProcessGetUpdates", "result":"Done", "context":{"dataType":"Device Info", "deleted":"0", "process_failed_to_decrypt":"0", "process_pending_decryption":"0", "process_success":"7", "total":"7"}}
{"logTime": "0806/195027", "correlationVector":"JqULhbSQ7AmwkufJI61ITE.4","action":"GetUpdates Response", "result":"Success", "context":Received 20 update(s). cV=JqULhbSQ7AmwkufJI61ITE.0;server=akswtt10700001y;cloudType=Consumer;environment=Prod_southindia_prod-s01-004-apac-southindia;migrationStage=NotStarted}
{"logTime": "0806/195027", "correlationVector":"5uLx0D4YeT4/YYHq3qBndv","action":"Initial GetUpdates", "result":"", "context":Reason: NEWLY_SUPPORTED_DATATYPE. cV=5uLx0D4YeT4/YYHq3qBndv}
{"logTime": "0806/195028", "correlationVector":"5uLx0D4YeT4/YYHq3qBndv.1","action":"SyncServerConnectionManagerRequest", "result":"SYNC_SERVER_OK", "context":{"environment":"Prod_southindia_prod-s01-004-apac-southindia", "migrationStage":"NotStarted", "server":"akswtt107000003"}}
{"logTime": "0806/195028", "correlationVector":"5uLx0D4YeT4/YYHq3qBndv.2","action":"ProcessGetUpdates", "result":"Done", "context":{"dataType":"Bookmarks", "deleted":"0", "process_failed_to_decrypt":"0", "process_pending_decryption":"0", "process_success":"6", "total":"6"}}
{"logTime": "0806/195028", "correlationVector":"5uLx0D4YeT4/YYHq3qBndv.3","action":"ProcessGetUpdates", "result":"Done", "context":{"dataType":"Preferences", "deleted":"1", "process_failed_to_decrypt":"0", "process_pending_decryption":"0", "process_success":"44", "total":"44"}}
{"logTime": "0806/195028", "correlationVector":"5uLx0D4YeT4/YYHq3qBndv.4","action":"ProcessGetUpdates", "result":"Done", "context":{"dataType":"Autofill Profiles", "deleted":"0", "process_failed_to_decrypt":"0", "process_pending_decryption":"0", "process_success":"2", "total":"2"}}
{"logTime": "0806/195028", "correlationVector":"5uLx0D4YeT4/YYHq3qBndv.5","action":"ProcessGetUpdates", "result":"Done", "context":{"dataType":"Autofill", "deleted":"0", "process_failed_to_decrypt":"0", "process_pending_decryption":"0", "process_success":"113", "total":"113"}}
{"logTime": "0806/195028", "correlationVector":"5uLx0D4YeT4/YYHq3qBndv.6","action":"ProcessGetUpdates", "result":"Done", "context":{"dataType":"Sessions", "deleted":"85", "process_failed_to_decrypt":"0", "process_pending_decryption":"0", "process_success":"85", "total":"85"}}
{"logTime": "0806/195028", "correlationVector":"5uLx0D4YeT4/YYHq3qBndv.7","action":"GetUpdates Response", "result":"Success", "context":Received 250 update(s). cV=5uLx0D4YeT4/YYHq3qBndv.0;server=akswtt107000003;cloudType=Consumer;environment=Prod_southindia_prod-s01-004-apac-southindia;migrationStage=NotStarted Some updates remain.}
{"logTime": "0806/195028", "correlationVector":"XyVsrTQWqd6xfbvIQSjH3e","action":"Initial GetUpdates", "result":"", "context":Reason: NEWLY_SUPPORTED_DATATYPE. cV=XyVsrTQWqd6xfbvIQSjH3e}
{"logTime": "0806/195028", "correlationVector":"XyVsrTQWqd6xfbvIQSjH3e.1","action":"SyncServerConnectionManagerRequest", "result":"SYNC_SERVER_OK", "context":{"environment":"Prod_southindia_prod-s01-004-apac-southindia", "migrationStage":"NotStarted", "server":"akswtt10700000l"}}
{"logTime": "0806/195028", "correlationVector":"XyVsrTQWqd6xfbvIQSjH3e.2","action":"ProcessGetUpdates", "result":"Done", "context":{"dataType":"Bookmarks", "deleted":"2", "process_failed_to_decrypt":"0", "process_pending_decryption":"0", "process_success":"3", "total":"3"}}
{"logTime": "0806/195028", "correlationVector":"XyVsrTQWqd6xfbvIQSjH3e.3","action":"ProcessGetUpdates", "result":"Done", "context":{"dataType":"Preferences", "deleted":"0", "process_failed_to_decrypt":"0", "process_pending_decryption":"0", "process_success":"2", "total":"2"}}
{"logTime": "0806/195028", "correlationVector":"XyVsrTQWqd6xfbvIQSjH3e.4","action":"ProcessGetUpdates", "result":"Done", "context":{"dataType":"Autofill", "deleted":"0", "process_failed_to_decrypt":"0", "process_pending_decryption":"0", "process_success":"19", "total":"19"}}
{"logTime": "0806/195028", "correlationVector":"XyVsrTQWqd6xfbvIQSjH3e.5","action":"ProcessGetUpdates", "result":"Done", "context":{"dataType":"Sessions", "deleted":"225", "process_failed_to_decrypt":"0", "process_pending_decryption":"0", "process_success":"225", "total":"225"}}
{"logTime": "0806/195028", "correlationVector":"XyVsrTQWqd6xfbvIQSjH3e.6","action":"ProcessGetUpdates", "result":"Done", "context":{"dataType":"Edge Hub App Usage", "deleted":"0", "process_failed_to_decrypt":"0", "process_pending_decryption":"0", "process_success":"1", "total":"1"}}
{"logTime": "0806/195028", "correlationVector":"XyVsrTQWqd6xfbvIQSjH3e.7","action":"GetUpdates Response", "result":"Success", "context":Received 250 update(s). cV=XyVsrTQWqd6xfbvIQSjH3e.0;server=akswtt10700000l;cloudType=Consumer;environment=Prod_southindia_prod-s01-004-apac-southindia;migrationStage=NotStarted Some updates remain.}
{"logTime": "0806/195028", "correlationVector":"plm6pp/IsejAFPVDUk/xlY","action":"Initial GetUpdates", "result":"", "context":Reason: NEWLY_SUPPORTED_DATATYPE. cV=plm6pp/IsejAFPVDUk/xlY}
{"logTime": "0806/195029", "correlationVector":"plm6pp/IsejAFPVDUk/xlY.1","action":"SyncServerConnectionManagerRequest", "result":"SYNC_SERVER_OK", "context":{"environment":"Prod_southindia_prod-s01-004-apac-southindia", "migrationStage":"NotStarted", "server":"akswtt10700000t"}}
{"logTime": "0806/195029", "correlationVector":"plm6pp/IsejAFPVDUk/xlY.2","action":"ProcessGetUpdates", "result":"Done", "context":{"dataType":"Preferences", "deleted":"0", "process_failed_to_decrypt":"0", "process_pending_decryption":"0", "process_success":"3", "total":"3"}}
{"logTime": "0806/195029", "correlationVector":"plm6pp/IsejAFPVDUk/xlY.3","action":"ProcessGetUpdates", "result":"Done", "context":{"dataType":"Autofill", "deleted":"0", "process_failed_to_decrypt":"0", "process_pending_decryption":"0", "process_success":"24", "total":"24"}}
{"logTime": "0806/195029", "correlationVector":"plm6pp/IsejAFPVDUk/xlY.4","action":"ProcessGetUpdates", "result":"Done", "context":{"dataType":"Sessions", "deleted":"220", "process_failed_to_decrypt":"0", "process_pending_decryption":"0", "process_success":"220", "total":"220"}}
{"logTime": "0806/195029", "correlationVector":"plm6pp/IsejAFPVDUk/xlY.5","action":"ProcessGetUpdates", "result":"Done", "context":{"dataType":"Edge Hub App Usage", "deleted":"0", "process_failed_to_decrypt":"0", "process_pending_decryption":"0", "process_success":"3", "total":"3"}}
{"logTime": "0806/195029", "correlationVector":"plm6pp/IsejAFPVDUk/xlY.6","action":"GetUpdates Response", "result":"Success", "context":Received 250 update(s). cV=plm6pp/IsejAFPVDUk/xlY.0;server=akswtt10700000t;cloudType=Consumer;environment=Prod_southindia_prod-s01-004-apac-southindia;migrationStage=NotStarted Some updates remain.}
{"logTime": "0806/195029", "correlationVector":"PVSQVcKRfSLVFr5muh3jKS","action":"Initial GetUpdates", "result":"", "context":Reason: NEWLY_SUPPORTED_DATATYPE. cV=PVSQVcKRfSLVFr5muh3jKS}
{"logTime": "0806/195030", "correlationVector":"PVSQVcKRfSLVFr5muh3jKS.1","action":"SyncServerConnectionManagerRequest", "result":"SYNC_SERVER_OK", "context":{"environment":"Prod_southindia_prod-s01-004-apac-southindia", "migrationStage":"NotStarted", "server":"akswtt10700000m"}}
{"logTime": "0806/195030", "correlationVector":"PVSQVcKRfSLVFr5muh3jKS.2","action":"ProcessGetUpdates", "result":"Done", "context":{"dataType":"Bookmarks", "deleted":"0", "process_failed_to_decrypt":"0", "process_pending_decryption":"0", "process_success":"2", "total":"2"}}
{"logTime": "0806/195030", "correlationVector":"PVSQVcKRfSLVFr5muh3jKS.3","action":"ProcessGetUpdates", "result":"Done", "context":{"dataType":"Preferences", "deleted":"0", "process_failed_to_decrypt":"0", "process_pending_decryption":"0", "process_success":"2", "total":"2"}}
{"logTime": "0806/195030", "correlationVector":"PVSQVcKRfSLVFr5muh3jKS.4","action":"ProcessGetUpdates", "result":"Done", "context":{"dataType":"Autofill Profiles", "deleted":"0", "process_failed_to_decrypt":"0", "process_pending_decryption":"0", "process_success":"2", "total":"2"}}
{"logTime": "0806/195030", "correlationVector":"PVSQVcKRfSLVFr5muh3jKS.5","action":"ProcessGetUpdates", "result":"Done", "context":{"dataType":"Autofill", "deleted":"0", "process_failed_to_decrypt":"0", "process_pending_decryption":"0", "process_success":"38", "total":"38"}}
{"logTime": "0806/195030", "correlationVector":"PVSQVcKRfSLVFr5muh3jKS.6","action":"ProcessGetUpdates", "result":"Done", "context":{"dataType":"Sessions", "deleted":"204", "process_failed_to_decrypt":"0", "process_pending_decryption":"0", "process_success":"204", "total":"204"}}
{"logTime": "0806/195030", "correlationVector":"PVSQVcKRfSLVFr5muh3jKS.7","action":"ProcessGetUpdates", "result":"Done", "context":{"dataType":"History Delete Directives", "deleted":"0", "process_failed_to_decrypt":"0", "process_pending_decryption":"0", "process_success":"1", "total":"1"}}
{"logTime": "0806/195030", "correlationVector":"PVSQVcKRfSLVFr5muh3jKS.8","action":"ProcessGetUpdates", "result":"Done", "context":{"dataType":"WebAuthn Credentials", "deleted":"0", "process_failed_to_decrypt":"0", "process_pending_decryption":"0", "process_success":"1", "total":"1"}}
{"logTime": "0806/195030", "correlationVector":"PVSQVcKRfSLVFr5muh3jKS.9","action":"GetUpdates Response", "result":"Success", "context":Received 250 update(s). cV=PVSQVcKRfSLVFr5muh3jKS.0;server=akswtt10700000m;cloudType=Consumer;environment=Prod_southindia_prod-s01-004-apac-southindia;migrationStage=NotStarted Some updates remain.}
{"logTime": "0806/195030", "correlationVector":"1SuVMGVUjIgl24HqBaCn2l","action":"Initial GetUpdates", "result":"", "context":Reason: NEWLY_SUPPORTED_DATATYPE. cV=1SuVMGVUjIgl24HqBaCn2l}
{"logTime": "0806/195030", "correlationVector":"1SuVMGVUjIgl24HqBaCn2l.1","action":"SyncServerConnectionManagerRequest", "result":"SYNC_SERVER_OK", "context":{"environment":"Prod_southindia_prod-s01-004-apac-southindia", "migrationStage":"NotStarted", "server":"akswtt10700001w"}}
{"logTime": "0806/195030", "correlationVector":"1SuVMGVUjIgl24HqBaCn2l.2","action":"ProcessGetUpdates", "result":"Done", "context":{"dataType":"Autofill", "deleted":"0", "process_failed_to_decrypt":"0", "process_pending_decryption":"0", "process_success":"35", "total":"35"}}
{"logTime": "0806/195030", "correlationVector":"1SuVMGVUjIgl24HqBaCn2l.3","action":"ProcessGetUpdates", "result":"Done", "context":{"dataType":"Sessions", "deleted":"209", "process_failed_to_decrypt":"0", "process_pending_decryption":"0", "process_success":"215", "total":"215"}}
{"logTime": "0806/195030", "correlationVector":"1SuVMGVUjIgl24HqBaCn2l.4","action":"GetUpdates Response", "result":"Success", "context":Received 250 update(s). cV=1SuVMGVUjIgl24HqBaCn2l.0;server=akswtt10700001w;cloudType=Consumer;environment=Prod_southindia_prod-s01-004-apac-southindia;migrationStage=NotStarted Some updates remain.}
{"logTime": "0806/195030", "correlationVector":"dMviu8IDnAqlJ/z8gWfohi","action":"Initial GetUpdates", "result":"", "context":Reason: NEWLY_SUPPORTED_DATATYPE. cV=dMviu8IDnAqlJ/z8gWfohi}
{"logTime": "0806/195031", "correlationVector":"dMviu8IDnAqlJ/z8gWfohi.1","action":"SyncServerConnectionManagerRequest", "result":"SYNC_SERVER_OK", "context":{"environment":"Prod_southindia_prod-s01-004-apac-southindia", "migrationStage":"NotStarted", "server":"akswtt107000003"}}
{"logTime": "0806/195031", "correlationVector":"dMviu8IDnAqlJ/z8gWfohi.2","action":"ProcessGetUpdates", "result":"Done", "context":{"dataType":"Bookmarks", "deleted":"1", "process_failed_to_decrypt":"0", "process_pending_decryption":"0", "process_success":"2", "total":"2"}}
{"logTime": "0806/195031", "correlationVector":"dMviu8IDnAqlJ/z8gWfohi.3","action":"ProcessGetUpdates", "result":"Done", "context":{"dataType":"Preferences", "deleted":"0", "process_failed_to_decrypt":"0", "process_pending_decryption":"0", "process_success":"1", "total":"1"}}
{"logTime": "0806/195031", "correlationVector":"dMviu8IDnAqlJ/z8gWfohi.4","action":"ProcessGetUpdates", "result":"Done", "context":{"dataType":"Autofill Profiles", "deleted":"2", "process_failed_to_decrypt":"0", "process_pending_decryption":"0", "process_success":"2", "total":"2"}}
{"logTime": "0806/195031", "correlationVector":"dMviu8IDnAqlJ/z8gWfohi.5","action":"ProcessGetUpdates", "result":"Done", "context":{"dataType":"Autofill", "deleted":"0", "process_failed_to_decrypt":"0", "process_pending_decryption":"0", "process_success":"43", "total":"43"}}
{"logTime": "0806/195031", "correlationVector":"dMviu8IDnAqlJ/z8gWfohi.6","action":"ProcessGetUpdates", "result":"Done", "context":{"dataType":"Sessions", "deleted":"200", "process_failed_to_decrypt":"0", "process_pending_decryption":"0", "process_success":"200", "total":"200"}}
{"logTime": "0806/195031", "correlationVector":"dMviu8IDnAqlJ/z8gWfohi.7","action":"ProcessGetUpdates", "result":"Done", "context":{"dataType":"History Delete Directives", "deleted":"0", "process_failed_to_decrypt":"0", "process_pending_decryption":"0", "process_success":"1", "total":"1"}}
{"logTime": "0806/195031", "correlationVector":"dMviu8IDnAqlJ/z8gWfohi.8","action":"ProcessGetUpdates", "result":"Done", "context":{"dataType":"Edge Hub App Usage", "deleted":"0", "process_failed_to_decrypt":"0", "process_pending_decryption":"0", "process_success":"1", "total":"1"}}
{"logTime": "0806/195031", "correlationVector":"dMviu8IDnAqlJ/z8gWfohi.9","action":"GetUpdates Response", "result":"Success", "context":Received 250 update(s). cV=dMviu8IDnAqlJ/z8gWfohi.0;server=akswtt107000003;cloudType=Consumer;environment=Prod_southindia_prod-s01-004-apac-southindia;migrationStage=NotStarted Some updates remain.}
{"logTime": "0806/195031", "correlationVector":"q78y770NJyl0TListmcaxn","action":"Initial GetUpdates", "result":"", "context":Reason: NEWLY_SUPPORTED_DATATYPE. cV=q78y770NJyl0TListmcaxn}
{"logTime": "0806/195032", "correlationVector":"q78y770NJyl0TListmcaxn.1","action":"SyncServerConnectionManagerRequest", "result":"SYNC_SERVER_OK", "context":{"environment":"Prod_southindia_prod-s01-004-apac-southindia", "migrationStage":"NotStarted", "server":"akswtt10700000a"}}
{"logTime": "0806/195032", "correlationVector":"q78y770NJyl0TListmcaxn.2","action":"ProcessGetUpdates", "result":"Done", "context":{"dataType":"Bookmarks", "deleted":"0", "process_failed_to_decrypt":"0", "process_pending_decryption":"0", "process_success":"1", "total":"1"}}
{"logTime": "0806/195032", "correlationVector":"q78y770NJyl0TListmcaxn.3","action":"ProcessGetUpdates", "result":"Done", "context":{"dataType":"Preferences", "deleted":"0", "process_failed_to_decrypt":"0", "process_pending_decryption":"0", "process_success":"16", "total":"16"}}
{"logTime": "0806/195032", "correlationVector":"q78y770NJyl0TListmcaxn.4","action":"ProcessGetUpdates", "result":"Done", "context":{"dataType":"Autofill", "deleted":"0", "process_failed_to_decrypt":"0", "process_pending_decryption":"0", "process_success":"61", "total":"61"}}
{"logTime": "0806/195032", "correlationVector":"q78y770NJyl0TListmcaxn.5","action":"ProcessGetUpdates", "result":"Done", "context":{"dataType":"Sessions", "deleted":"158", "process_failed_to_decrypt":"0", "process_pending_decryption":"0", "process_success":"168", "total":"168"}}
{"logTime": "0806/195032", "correlationVector":"q78y770NJyl0TListmcaxn.6","action":"ProcessGetUpdates", "result":"Done", "context":{"dataType":"Edge Hub App Usage", "deleted":"0", "process_failed_to_decrypt":"0", "process_pending_decryption":"0", "process_success":"4", "total":"4"}}
{"logTime": "0806/195032", "correlationVector":"q78y770NJyl0TListmcaxn.7","action":"GetUpdates Response", "result":"Success", "context":Received 250 update(s). cV=q78y770NJyl0TListmcaxn.0;server=akswtt10700000a;cloudType=Consumer;environment=Prod_southindia_prod-s01-004-apac-southindia;migrationStage=NotStarted Some updates remain.}
{"logTime": "0806/195032", "correlationVector":"ixBXpK377d+LnxpyfegeJJ","action":"Initial GetUpdates", "result":"", "context":Reason: NEWLY_SUPPORTED_DATATYPE. cV=ixBXpK377d+LnxpyfegeJJ}
{"logTime": "0806/195032", "correlationVector":"ixBXpK377d+LnxpyfegeJJ.1","action":"SyncServerConnectionManagerRequest", "result":"SYNC_SERVER_OK", "context":{"environment":"Prod_southindia_prod-s01-004-apac-southindia", "migrationStage":"NotStarted", "server":"akswtt10700000l"}}
{"logTime": "0806/195032", "correlationVector":"ixBXpK377d+LnxpyfegeJJ.2","action":"ProcessGetUpdates", "result":"Done", "context":{"dataType":"Preferences", "deleted":"0", "process_failed_to_decrypt":"0", "process_pending_decryption":"0", "process_success":"1", "total":"1"}}
{"logTime": "0806/195032", "correlationVector":"ixBXpK377d+LnxpyfegeJJ.3","action":"ProcessGetUpdates", "result":"Done", "context":{"dataType":"Autofill", "deleted":"0", "process_failed_to_decrypt":"0", "process_pending_decryption":"0", "process_success":"2", "total":"2"}}
{"logTime": "0806/195032", "correlationVector":"ixBXpK377d+LnxpyfegeJJ.4","action":"ProcessGetUpdates", "result":"Done", "context":{"dataType":"Sessions", "deleted":"5", "process_failed_to_decrypt":"0", "process_pending_decryption":"0", "process_success":"11", "total":"11"}}
{"logTime": "0806/195032", "correlationVector":"ixBXpK377d+LnxpyfegeJJ.5","action":"ProcessGetUpdates", "result":"Done", "context":{"dataType":"Edge Hub App Usage", "deleted":"0", "process_failed_to_decrypt":"0", "process_pending_decryption":"0", "process_success":"1", "total":"1"}}
{"logTime": "0806/195032", "correlationVector":"ixBXpK377d+LnxpyfegeJJ.6","action":"GetUpdates Response", "result":"Success", "context":Received 15 update(s). cV=ixBXpK377d+LnxpyfegeJJ.0;server=akswtt10700000l;cloudType=Consumer;environment=Prod_southindia_prod-s01-004-apac-southindia;migrationStage=NotStarted}
{"logTime": "0806/195032", "correlationVector":"OXSp6ht+XYDb1nHjdBe5+2","action":"Initial GetUpdates", "result":"", "context":Reason: NEWLY_SUPPORTED_DATATYPE. cV=OXSp6ht+XYDb1nHjdBe5+2}
{"logTime": "0806/195034", "correlationVector":"OXSp6ht+XYDb1nHjdBe5+2.1","action":"SyncServerConnectionManagerRequest", "result":"SYNC_SERVER_OK", "context":{"environment":"Prod_southindia_prod-s01-004-apac-southindia", "migrationStage":"NotStarted", "server":"akswtt107000007"}}
{"logTime": "0806/195034", "correlationVector":"OXSp6ht+XYDb1nHjdBe5+2.2","action":"ProcessGetUpdates", "result":"Done", "context":{"dataType":"History", "deleted":"250", "process_failed_to_decrypt":"0", "process_pending_decryption":"0", "process_success":"250", "total":"250"}}
{"logTime": "0806/195034", "correlationVector":"OXSp6ht+XYDb1nHjdBe5+2.3","action":"GetUpdates Response", "result":"Success", "context":Received 250 update(s). cV=OXSp6ht+XYDb1nHjdBe5+2.0;server=akswtt107000007;cloudType=Consumer;environment=Prod_southindia_prod-s01-004-apac-southindia;migrationStage=NotStarted Some updates remain.}
{"logTime": "0806/195034", "correlationVector":"eA1srBI0KxgDN7kViokUV/","action":"Initial GetUpdates", "result":"", "context":Reason: NEWLY_SUPPORTED_DATATYPE. cV=eA1srBI0KxgDN7kViokUV/}
{"logTime": "0806/195034", "correlationVector":"eA1srBI0KxgDN7kViokUV/.1","action":"SyncServerConnectionManagerRequest", "result":"SYNC_SERVER_OK", "context":{"environment":"Prod_southindia_prod-s01-004-apac-southindia", "migrationStage":"NotStarted", "server":"akswtt10700000t"}}
{"logTime": "0806/195034", "correlationVector":"eA1srBI0KxgDN7kViokUV/.2","action":"ProcessGetUpdates", "result":"Done", "context":{"dataType":"History", "deleted":"250", "process_failed_to_decrypt":"0", "process_pending_decryption":"0", "process_success":"250", "total":"250"}}
{"logTime": "0806/195034", "correlationVector":"eA1srBI0KxgDN7kViokUV/.3","action":"GetUpdates Response", "result":"Success", "context":Received 250 update(s). cV=eA1srBI0KxgDN7kViokUV/.0;server=akswtt10700000t;cloudType=Consumer;environment=Prod_southindia_prod-s01-004-apac-southindia;migrationStage=NotStarted Some updates remain.}
{"logTime": "0806/195034", "correlationVector":"+Kcyds+tnDyOpruXe46vgT","action":"Initial GetUpdates", "result":"", "context":Reason: NEWLY_SUPPORTED_DATATYPE. cV=+Kcyds+tnDyOpruXe46vgT}
{"logTime": "0806/195035", "correlationVector":"+Kcyds+tnDyOpruXe46vgT.1","action":"SyncServerConnectionManagerRequest", "result":"SYNC_SERVER_OK", "context":{"environment":"Prod_southindia_prod-s01-004-apac-southindia", "migrationStage":"NotStarted", "server":"akswtt10700001w"}}
{"logTime": "0806/195035", "correlationVector":"+Kcyds+tnDyOpruXe46vgT.2","action":"ProcessGetUpdates", "result":"Done", "context":{"dataType":"History", "deleted":"250", "process_failed_to_decrypt":"0", "process_pending_decryption":"0", "process_success":"250", "total":"250"}}
{"logTime": "0806/195035", "correlationVector":"+Kcyds+tnDyOpruXe46vgT.3","action":"GetUpdates Response", "result":"Success", "context":Received 250 update(s). cV=+Kcyds+tnDyOpruXe46vgT.0;server=akswtt10700001w;cloudType=Consumer;environment=Prod_southindia_prod-s01-004-apac-southindia;migrationStage=NotStarted Some updates remain.}
{"logTime": "0806/195035", "correlationVector":"HYe4o3R/cc99io6XjEQYaV","action":"Initial GetUpdates", "result":"", "context":Reason: NEWLY_SUPPORTED_DATATYPE. cV=HYe4o3R/cc99io6XjEQYaV}
{"logTime": "0806/195036", "correlationVector":"HYe4o3R/cc99io6XjEQYaV.1","action":"SyncServerConnectionManagerRequest", "result":"SYNC_SERVER_OK", "context":{"environment":"Prod_southindia_prod-s01-004-apac-southindia", "migrationStage":"NotStarted", "server":"akswtt107000000"}}
{"logTime": "0806/195036", "correlationVector":"HYe4o3R/cc99io6XjEQYaV.2","action":"ProcessGetUpdates", "result":"Done", "context":{"dataType":"History", "deleted":"250", "process_failed_to_decrypt":"0", "process_pending_decryption":"0", "process_success":"250", "total":"250"}}
{"logTime": "0806/195036", "correlationVector":"HYe4o3R/cc99io6XjEQYaV.3","action":"GetUpdates Response", "result":"Success", "context":Received 250 update(s). cV=HYe4o3R/cc99io6XjEQYaV.0;server=akswtt107000000;cloudType=Consumer;environment=Prod_southindia_prod-s01-004-apac-southindia;migrationStage=NotStarted Some updates remain.}
{"logTime": "0806/195036", "correlationVector":"zrfv1OM2jp8Y0Wnz0OKBwJ","action":"Initial GetUpdates", "result":"", "context":Reason: NEWLY_SUPPORTED_DATATYPE. cV=zrfv1OM2jp8Y0Wnz0OKBwJ}
{"logTime": "0806/195037", "correlationVector":"zrfv1OM2jp8Y0Wnz0OKBwJ.1","action":"SyncServerConnectionManagerRequest", "result":"SYNC_SERVER_OK", "context":{"environment":"Prod_southindia_prod-s01-004-apac-southindia", "migrationStage":"NotStarted", "server":"akswtt107000003"}}
{"logTime": "0806/195037", "correlationVector":"zrfv1OM2jp8Y0Wnz0OKBwJ.2","action":"ProcessGetUpdates", "result":"Done", "context":{"dataType":"History", "deleted":"250", "process_failed_to_decrypt":"0", "process_pending_decryption":"0", "process_success":"250", "total":"250"}}
{"logTime": "0806/195037", "correlationVector":"zrfv1OM2jp8Y0Wnz0OKBwJ.3","action":"GetUpdates Response", "result":"Success", "context":Received 250 update(s). cV=zrfv1OM2jp8Y0Wnz0OKBwJ.0;server=akswtt107000003;cloudType=Consumer;environment=Prod_southindia_prod-s01-004-apac-southindia;migrationStage=NotStarted Some updates remain.}
{"logTime": "0806/195037", "correlationVector":"+Sxu5abzvf6s45EBQ4s23U","action":"Initial GetUpdates", "result":"", "context":Reason: NEWLY_SUPPORTED_DATATYPE. cV=+Sxu5abzvf6s45EBQ4s23U}
{"logTime": "0806/195037", "correlationVector":"+Sxu5abzvf6s45EBQ4s23U.1","action":"SyncServerConnectionManagerRequest", "result":"SYNC_SERVER_OK", "context":{"environment":"Prod_southindia_prod-s01-004-apac-southindia", "migrationStage":"NotStarted", "server":"akswtt10700001w"}}
{"logTime": "0806/195037", "correlationVector":"+Sxu5abzvf6s45EBQ4s23U.2","action":"ProcessGetUpdates", "result":"Done", "context":{"dataType":"History", "deleted":"250", "process_failed_to_decrypt":"0", "process_pending_decryption":"0", "process_success":"250", "total":"250"}}
{"logTime": "0806/195037", "correlationVector":"+Sxu5abzvf6s45EBQ4s23U.3","action":"GetUpdates Response", "result":"Success", "context":Received 250 update(s). cV=+Sxu5abzvf6s45EBQ4s23U.0;server=akswtt10700001w;cloudType=Consumer;environment=Prod_southindia_prod-s01-004-apac-southindia;migrationStage=NotStarted Some updates remain.}
{"logTime": "0806/195037", "correlationVector":"Jlzu6R5b6OaJ19lHgN69pO","action":"Initial GetUpdates", "result":"", "context":Reason: NEWLY_SUPPORTED_DATATYPE. cV=Jlzu6R5b6OaJ19lHgN69pO}
{"logTime": "0806/195038", "correlationVector":"Jlzu6R5b6OaJ19lHgN69pO.1","action":"SyncServerConnectionManagerRequest", "result":"SYNC_SERVER_OK", "context":{"environment":"Prod_southindia_prod-s01-004-apac-southindia", "migrationStage":"NotStarted", "server":"akswtt10700000a"}}
{"logTime": "0806/195038", "correlationVector":"Jlzu6R5b6OaJ19lHgN69pO.2","action":"ProcessGetUpdates", "result":"Done", "context":{"dataType":"History", "deleted":"250", "process_failed_to_decrypt":"0", "process_pending_decryption":"0", "process_success":"250", "total":"250"}}
{"logTime": "0806/195038", "correlationVector":"Jlzu6R5b6OaJ19lHgN69pO.3","action":"GetUpdates Response", "result":"Success", "context":Received 250 update(s). cV=Jlzu6R5b6OaJ19lHgN69pO.0;server=akswtt10700000a;cloudType=Consumer;environment=Prod_southindia_prod-s01-004-apac-southindia;migrationStage=NotStarted Some updates remain.}
{"logTime": "0806/195038", "correlationVector":"mzkj8pVXuteIIBfZgv+ozu","action":"Initial GetUpdates", "result":"", "context":Reason: NEWLY_SUPPORTED_DATATYPE. cV=mzkj8pVXuteIIBfZgv+ozu}
{"logTime": "0806/195039", "correlationVector":"mzkj8pVXuteIIBfZgv+ozu.1","action":"SyncServerConnectionManagerRequest", "result":"SYNC_SERVER_OK", "context":{"environment":"Prod_southindia_prod-s01-004-apac-southindia", "migrationStage":"NotStarted", "server":"akswtt10700001w"}}
{"logTime": "0806/195039", "correlationVector":"mzkj8pVXuteIIBfZgv+ozu.2","action":"ProcessGetUpdates", "result":"Done", "context":{"dataType":"History", "deleted":"250", "process_failed_to_decrypt":"0", "process_pending_decryption":"0", "process_success":"250", "total":"250"}}
{"logTime": "0806/195039", "correlationVector":"mzkj8pVXuteIIBfZgv+ozu.3","action":"GetUpdates Response", "result":"Success", "context":Received 250 update(s). cV=mzkj8pVXuteIIBfZgv+ozu.0;server=akswtt10700001w;cloudType=Consumer;environment=Prod_southindia_prod-s01-004-apac-southindia;migrationStage=NotStarted Some updates remain.}
{"logTime": "0806/195039", "correlationVector":"xrZG09l3TjDYIYRjA7VFRw","action":"Initial GetUpdates", "result":"", "context":Reason: NEWLY_SUPPORTED_DATATYPE. cV=xrZG09l3TjDYIYRjA7VFRw}
{"logTime": "0806/195039", "correlationVector":"xrZG09l3TjDYIYRjA7VFRw.1","action":"SyncServerConnectionManagerRequest", "result":"SYNC_SERVER_OK", "context":{"environment":"Prod_southindia_prod-s01-004-apac-southindia", "migrationStage":"NotStarted", "server":"akswtt10700000l"}}
{"logTime": "0806/195039", "correlationVector":"xrZG09l3TjDYIYRjA7VFRw.2","action":"ProcessGetUpdates", "result":"Done", "context":{"dataType":"History", "deleted":"250", "process_failed_to_decrypt":"0", "process_pending_decryption":"0", "process_success":"250", "total":"250"}}
{"logTime": "0806/195039", "correlationVector":"xrZG09l3TjDYIYRjA7VFRw.3","action":"GetUpdates Response", "result":"Success", "context":Received 250 update(s). cV=xrZG09l3TjDYIYRjA7VFRw.0;server=akswtt10700000l;cloudType=Consumer;environment=Prod_southindia_prod-s01-004-apac-southindia;migrationStage=NotStarted Some updates remain.}
{"logTime": "0806/195039", "correlationVector":"539JBhjcsV8Usb6d3wv/Sl","action":"Initial GetUpdates", "result":"", "context":Reason: NEWLY_SUPPORTED_DATATYPE. cV=539JBhjcsV8Usb6d3wv/Sl}
{"logTime": "0806/195040", "correlationVector":"539JBhjcsV8Usb6d3wv/Sl.1","action":"SyncServerConnectionManagerRequest", "result":"SYNC_SERVER_OK", "context":{"environment":"Prod_southindia_prod-s01-004-apac-southindia", "migrationStage":"NotStarted", "server":"akswtt10700001w"}}
{"logTime": "0806/195040", "correlationVector":"539JBhjcsV8Usb6d3wv/Sl.2","action":"ProcessGetUpdates", "result":"Done", "context":{"dataType":"History", "deleted":"250", "process_failed_to_decrypt":"0", "process_pending_decryption":"0", "process_success":"250", "total":"250"}}
{"logTime": "0806/195040", "correlationVector":"539JBhjcsV8Usb6d3wv/Sl.3","action":"GetUpdates Response", "result":"Success", "context":Received 250 update(s). cV=539JBhjcsV8Usb6d3wv/Sl.0;server=akswtt10700001w;cloudType=Consumer;environment=Prod_southindia_prod-s01-004-apac-southindia;migrationStage=NotStarted Some updates remain.}
{"logTime": "0806/195040", "correlationVector":"Fbxd9FZTq0azW2VNIh9JcN","action":"Initial GetUpdates", "result":"", "context":Reason: NEWLY_SUPPORTED_DATATYPE. cV=Fbxd9FZTq0azW2VNIh9JcN}
{"logTime": "0806/195040", "correlationVector":"Fbxd9FZTq0azW2VNIh9JcN.1","action":"SyncServerConnectionManagerRequest", "result":"SYNC_SERVER_OK", "context":{"environment":"Prod_southindia_prod-s01-004-apac-southindia", "migrationStage":"NotStarted", "server":"akswtt107000003"}}
{"logTime": "0806/195040", "correlationVector":"Fbxd9FZTq0azW2VNIh9JcN.2","action":"ProcessGetUpdates", "result":"Done", "context":{"dataType":"History", "deleted":"250", "process_failed_to_decrypt":"0", "process_pending_decryption":"0", "process_success":"250", "total":"250"}}
{"logTime": "0806/195040", "correlationVector":"Fbxd9FZTq0azW2VNIh9JcN.3","action":"GetUpdates Response", "result":"Success", "context":Received 250 update(s). cV=Fbxd9FZTq0azW2VNIh9JcN.0;server=akswtt107000003;cloudType=Consumer;environment=Prod_southindia_prod-s01-004-apac-southindia;migrationStage=NotStarted Some updates remain.}
{"logTime": "0806/195040", "correlationVector":"CpnMtAIn1VVUg1Iul5k+pn","action":"Initial GetUpdates", "result":"", "context":Reason: NEWLY_SUPPORTED_DATATYPE. cV=CpnMtAIn1VVUg1Iul5k+pn}
{"logTime": "0806/195041", "correlationVector":"CpnMtAIn1VVUg1Iul5k+pn.1","action":"SyncServerConnectionManagerRequest", "result":"SYNC_SERVER_OK", "context":{"environment":"Prod_southindia_prod-s01-004-apac-southindia", "migrationStage":"NotStarted", "server":"akswtt10700001y"}}
{"logTime": "0806/195041", "correlationVector":"CpnMtAIn1VVUg1Iul5k+pn.2","action":"ProcessGetUpdates", "result":"Done", "context":{"dataType":"History", "deleted":"250", "process_failed_to_decrypt":"0", "process_pending_decryption":"0", "process_success":"250", "total":"250"}}
{"logTime": "0806/195041", "correlationVector":"CpnMtAIn1VVUg1Iul5k+pn.3","action":"GetUpdates Response", "result":"Success", "context":Received 250 update(s). cV=CpnMtAIn1VVUg1Iul5k+pn.0;server=akswtt10700001y;cloudType=Consumer;environment=Prod_southindia_prod-s01-004-apac-southindia;migrationStage=NotStarted Some updates remain.}
{"logTime": "0806/195041", "correlationVector":"fIn1Q+RTCiL6gH4dY1uRKm","action":"Initial GetUpdates", "result":"", "context":Reason: NEWLY_SUPPORTED_DATATYPE. cV=fIn1Q+RTCiL6gH4dY1uRKm}
{"logTime": "0806/195042", "correlationVector":"fIn1Q+RTCiL6gH4dY1uRKm.1","action":"SyncServerConnectionManagerRequest", "result":"SYNC_SERVER_OK", "context":{"environment":"Prod_southindia_prod-s01-004-apac-southindia", "migrationStage":"NotStarted", "server":"akswtt10700000t"}}
{"logTime": "0806/195042", "correlationVector":"fIn1Q+RTCiL6gH4dY1uRKm.2","action":"ProcessGetUpdates", "result":"Done", "context":{"dataType":"History", "deleted":"250", "process_failed_to_decrypt":"0", "process_pending_decryption":"0", "process_success":"250", "total":"250"}}
{"logTime": "0806/195042", "correlationVector":"fIn1Q+RTCiL6gH4dY1uRKm.3","action":"GetUpdates Response", "result":"Success", "context":Received 250 update(s). cV=fIn1Q+RTCiL6gH4dY1uRKm.0;server=akswtt10700000t;cloudType=Consumer;environment=Prod_southindia_prod-s01-004-apac-southindia;migrationStage=NotStarted Some updates remain.}
{"logTime": "0806/195042", "correlationVector":"3mnPs6mchW3FR7KKzBNBh9","action":"Initial GetUpdates", "result":"", "context":Reason: NEWLY_SUPPORTED_DATATYPE. cV=3mnPs6mchW3FR7KKzBNBh9}
{"logTime": "0806/195043", "correlationVector":"3mnPs6mchW3FR7KKzBNBh9.1","action":"SyncServerConnectionManagerRequest", "result":"SYNC_SERVER_OK", "context":{"environment":"Prod_southindia_prod-s01-004-apac-southindia", "migrationStage":"NotStarted", "server":"akswtt10700000d"}}
{"logTime": "0806/195043", "correlationVector":"3mnPs6mchW3FR7KKzBNBh9.2","action":"ProcessGetUpdates", "result":"Done", "context":{"dataType":"History", "deleted":"250", "process_failed_to_decrypt":"0", "process_pending_decryption":"0", "process_success":"250", "total":"250"}}
{"logTime": "0806/195043", "correlationVector":"3mnPs6mchW3FR7KKzBNBh9.3","action":"GetUpdates Response", "result":"Success", "context":Received 250 update(s). cV=3mnPs6mchW3FR7KKzBNBh9.0;server=akswtt10700000d;cloudType=Consumer;environment=Prod_southindia_prod-s01-004-apac-southindia;migrationStage=NotStarted Some updates remain.}
{"logTime": "0806/195043", "correlationVector":"VBsxvR7SjcyL9zpbg1vXm/","action":"Initial GetUpdates", "result":"", "context":Reason: NEWLY_SUPPORTED_DATATYPE. cV=VBsxvR7SjcyL9zpbg1vXm/}
{"logTime": "0806/195043", "correlationVector":"VBsxvR7SjcyL9zpbg1vXm/.1","action":"SyncServerConnectionManagerRequest", "result":"SYNC_SERVER_OK", "context":{"environment":"Prod_southindia_prod-s01-004-apac-southindia", "migrationStage":"NotStarted", "server":"akswtt10700000a"}}
{"logTime": "0806/195043", "correlationVector":"VBsxvR7SjcyL9zpbg1vXm/.2","action":"ProcessGetUpdates", "result":"Done", "context":{"dataType":"History", "deleted":"250", "process_failed_to_decrypt":"0", "process_pending_decryption":"0", "process_success":"250", "total":"250"}}
{"logTime": "0806/195043", "correlationVector":"VBsxvR7SjcyL9zpbg1vXm/.3","action":"GetUpdates Response", "result":"Success", "context":Received 250 update(s). cV=VBsxvR7SjcyL9zpbg1vXm/.0;server=akswtt10700000a;cloudType=Consumer;environment=Prod_southindia_prod-s01-004-apac-southindia;migrationStage=NotStarted Some updates remain.}
{"logTime": "0806/195043", "correlationVector":"oMo/Mug2Bgtmusg2TgjMO6","action":"Initial GetUpdates", "result":"", "context":Reason: NEWLY_SUPPORTED_DATATYPE. cV=oMo/Mug2Bgtmusg2TgjMO6}
{"logTime": "0806/195044", "correlationVector":"oMo/Mug2Bgtmusg2TgjMO6.1","action":"SyncServerConnectionManagerRequest", "result":"SYNC_SERVER_OK", "context":{"environment":"Prod_southindia_prod-s01-004-apac-southindia", "migrationStage":"NotStarted", "server":"akswtt107000028"}}
{"logTime": "0806/195044", "correlationVector":"oMo/Mug2Bgtmusg2TgjMO6.2","action":"ProcessGetUpdates", "result":"Done", "context":{"dataType":"History", "deleted":"250", "process_failed_to_decrypt":"0", "process_pending_decryption":"0", "process_success":"250", "total":"250"}}
{"logTime": "0806/195044", "correlationVector":"oMo/Mug2Bgtmusg2TgjMO6.3","action":"GetUpdates Response", "result":"Success", "context":Received 250 update(s). cV=oMo/Mug2Bgtmusg2TgjMO6.0;server=akswtt107000028;cloudType=Consumer;environment=Prod_southindia_prod-s01-004-apac-southindia;migrationStage=NotStarted Some updates remain.}
{"logTime": "0806/195044", "correlationVector":"u/NYnbDuTW8DOUcJUv1qBc","action":"Initial GetUpdates", "result":"", "context":Reason: NEWLY_SUPPORTED_DATATYPE. cV=u/NYnbDuTW8DOUcJUv1qBc}
{"logTime": "0806/195045", "correlationVector":"u/NYnbDuTW8DOUcJUv1qBc.1","action":"SyncServerConnectionManagerRequest", "result":"SYNC_SERVER_OK", "context":{"environment":"Prod_southindia_prod-s01-004-apac-southindia", "migrationStage":"NotStarted", "server":"akswtt10700000a"}}
{"logTime": "0806/195045", "correlationVector":"u/NYnbDuTW8DOUcJUv1qBc.2","action":"ProcessGetUpdates", "result":"Done", "context":{"dataType":"History", "deleted":"250", "process_failed_to_decrypt":"0", "process_pending_decryption":"0", "process_success":"250", "total":"250"}}
{"logTime": "0806/195045", "correlationVector":"u/NYnbDuTW8DOUcJUv1qBc.3","action":"GetUpdates Response", "result":"Success", "context":Received 250 update(s). cV=u/NYnbDuTW8DOUcJUv1qBc.0;server=akswtt10700000a;cloudType=Consumer;environment=Prod_southindia_prod-s01-004-apac-southindia;migrationStage=NotStarted Some updates remain.}
{"logTime": "0806/195045", "correlationVector":"zDumUNmNGUBTLgHfdWm/qb","action":"Initial GetUpdates", "result":"", "context":Reason: NEWLY_SUPPORTED_DATATYPE. cV=zDumUNmNGUBTLgHfdWm/qb}
{"logTime": "0806/195045", "correlationVector":"zDumUNmNGUBTLgHfdWm/qb.1","action":"SyncServerConnectionManagerRequest", "result":"SYNC_SERVER_OK", "context":{"environment":"Prod_southindia_prod-s01-004-apac-southindia", "migrationStage":"NotStarted", "server":"akswtt10700000t"}}
{"logTime": "0806/195045", "correlationVector":"zDumUNmNGUBTLgHfdWm/qb.2","action":"ProcessGetUpdates", "result":"Done", "context":{"dataType":"History", "deleted":"250", "process_failed_to_decrypt":"0", "process_pending_decryption":"0", "process_success":"250", "total":"250"}}
{"logTime": "0806/195045", "correlationVector":"zDumUNmNGUBTLgHfdWm/qb.3","action":"GetUpdates Response", "result":"Success", "context":Received 250 update(s). cV=zDumUNmNGUBTLgHfdWm/qb.0;server=akswtt10700000t;cloudType=Consumer;environment=Prod_southindia_prod-s01-004-apac-southindia;migrationStage=NotStarted Some updates remain.}
{"logTime": "0806/195045", "correlationVector":"Ela4zu/PSr8g+dZY/rNf1O","action":"Initial GetUpdates", "result":"", "context":Reason: NEWLY_SUPPORTED_DATATYPE. cV=Ela4zu/PSr8g+dZY/rNf1O}
{"logTime": "0806/195046", "correlationVector":"Ela4zu/PSr8g+dZY/rNf1O.1","action":"SyncServerConnectionManagerRequest", "result":"SYNC_SERVER_OK", "context":{"environment":"Prod_southindia_prod-s01-004-apac-southindia", "migrationStage":"NotStarted", "server":"akswtt10700000m"}}
{"logTime": "0806/195046", "correlationVector":"Ela4zu/PSr8g+dZY/rNf1O.2","action":"ProcessGetUpdates", "result":"Done", "context":{"dataType":"History", "deleted":"250", "process_failed_to_decrypt":"0", "process_pending_decryption":"0", "process_success":"250", "total":"250"}}
{"logTime": "0806/195046", "correlationVector":"Ela4zu/PSr8g+dZY/rNf1O.3","action":"GetUpdates Response", "result":"Success", "context":Received 250 update(s). cV=Ela4zu/PSr8g+dZY/rNf1O.0;server=akswtt10700000m;cloudType=Consumer;environment=Prod_southindia_prod-s01-004-apac-southindia;migrationStage=NotStarted Some updates remain.}
{"logTime": "0806/195046", "correlationVector":"oXNnB2b5NWbjSJCtYld2xO","action":"Initial GetUpdates", "result":"", "context":Reason: NEWLY_SUPPORTED_DATATYPE. cV=oXNnB2b5NWbjSJCtYld2xO}
{"logTime": "0806/195047", "correlationVector":"oXNnB2b5NWbjSJCtYld2xO.1","action":"SyncServerConnectionManagerRequest", "result":"SYNC_SERVER_OK", "context":{"environment":"Prod_southindia_prod-s01-004-apac-southindia", "migrationStage":"NotStarted", "server":"akswtt10700000t"}}
{"logTime": "0806/195047", "correlationVector":"oXNnB2b5NWbjSJCtYld2xO.2","action":"ProcessGetUpdates", "result":"Done", "context":{"dataType":"History", "deleted":"250", "process_failed_to_decrypt":"0", "process_pending_decryption":"0", "process_success":"250", "total":"250"}}
{"logTime": "0806/195047", "correlationVector":"oXNnB2b5NWbjSJCtYld2xO.3","action":"GetUpdates Response", "result":"Success", "context":Received 250 update(s). cV=oXNnB2b5NWbjSJCtYld2xO.0;server=akswtt10700000t;cloudType=Consumer;environment=Prod_southindia_prod-s01-004-apac-southindia;migrationStage=NotStarted Some updates remain.}
{"logTime": "0806/195047", "correlationVector":"j142MZonSvNS+3sRegJegW","action":"Initial GetUpdates", "result":"", "context":Reason: NEWLY_SUPPORTED_DATATYPE. cV=j142MZonSvNS+3sRegJegW}
{"logTime": "0806/195048", "correlationVector":"j142MZonSvNS+3sRegJegW.1","action":"SyncServerConnectionManagerRequest", "result":"SYNC_SERVER_OK", "context":{"environment":"Prod_southindia_prod-s01-004-apac-southindia", "migrationStage":"NotStarted", "server":"akswtt107000028"}}
{"logTime": "0806/195048", "correlationVector":"j142MZonSvNS+3sRegJegW.2","action":"ProcessGetUpdates", "result":"Done", "context":{"dataType":"History", "deleted":"250", "process_failed_to_decrypt":"0", "process_pending_decryption":"0", "process_success":"250", "total":"250"}}
{"logTime": "0806/195048", "correlationVector":"j142MZonSvNS+3sRegJegW.3","action":"GetUpdates Response", "result":"Success", "context":Received 250 update(s). cV=j142MZonSvNS+3sRegJegW.0;server=akswtt107000028;cloudType=Consumer;environment=Prod_southindia_prod-s01-004-apac-southindia;migrationStage=NotStarted Some updates remain.}
{"logTime": "0806/195048", "correlationVector":"kOk1Cc4EsSTJ8Nllm/o/Jl","action":"Initial GetUpdates", "result":"", "context":Reason: NEWLY_SUPPORTED_DATATYPE. cV=kOk1Cc4EsSTJ8Nllm/o/Jl}
{"logTime": "0806/195049", "correlationVector":"kOk1Cc4EsSTJ8Nllm/o/Jl.1","action":"SyncServerConnectionManagerRequest", "result":"SYNC_SERVER_OK", "context":{"environment":"Prod_southindia_prod-s01-004-apac-southindia", "migrationStage":"NotStarted", "server":"akswtt107000003"}}
{"logTime": "0806/195049", "correlationVector":"kOk1Cc4EsSTJ8Nllm/o/Jl.2","action":"ProcessGetUpdates", "result":"Done", "context":{"dataType":"History", "deleted":"250", "process_failed_to_decrypt":"0", "process_pending_decryption":"0", "process_success":"250", "total":"250"}}
{"logTime": "0806/195049", "correlationVector":"kOk1Cc4EsSTJ8Nllm/o/Jl.3","action":"GetUpdates Response", "result":"Success", "context":Received 250 update(s). cV=kOk1Cc4EsSTJ8Nllm/o/Jl.0;server=akswtt107000003;cloudType=Consumer;environment=Prod_southindia_prod-s01-004-apac-southindia;migrationStage=NotStarted Some updates remain.}
{"logTime": "0806/195049", "correlationVector":"AL++8CaIEbBND7NUgwM2Ki","action":"Initial GetUpdates", "result":"", "context":Reason: NEWLY_SUPPORTED_DATATYPE. cV=AL++8CaIEbBND7NUgwM2Ki}
{"logTime": "0806/195049", "correlationVector":"AL++8CaIEbBND7NUgwM2Ki.1","action":"SyncServerConnectionManagerRequest", "result":"SYNC_SERVER_OK", "context":{"environment":"Prod_southindia_prod-s01-004-apac-southindia", "migrationStage":"NotStarted", "server":"akswtt10700000m"}}
{"logTime": "0806/195049", "correlationVector":"AL++8CaIEbBND7NUgwM2Ki.2","action":"ProcessGetUpdates", "result":"Done", "context":{"dataType":"History", "deleted":"250", "process_failed_to_decrypt":"0", "process_pending_decryption":"0", "process_success":"250", "total":"250"}}
{"logTime": "0806/195049", "correlationVector":"AL++8CaIEbBND7NUgwM2Ki.3","action":"GetUpdates Response", "result":"Success", "context":Received 250 update(s). cV=AL++8CaIEbBND7NUgwM2Ki.0;server=akswtt10700000m;cloudType=Consumer;environment=Prod_southindia_prod-s01-004-apac-southindia;migrationStage=NotStarted Some updates remain.}
{"logTime": "0806/195049", "correlationVector":"DhJMbpq7oaH+KaAr2hoZz4","action":"Initial GetUpdates", "result":"", "context":Reason: NEWLY_SUPPORTED_DATATYPE. cV=DhJMbpq7oaH+KaAr2hoZz4}
{"logTime": "0806/195050", "correlationVector":"DhJMbpq7oaH+KaAr2hoZz4.1","action":"SyncServerConnectionManagerRequest", "result":"SYNC_SERVER_OK", "context":{"environment":"Prod_southindia_prod-s01-004-apac-southindia", "migrationStage":"NotStarted", "server":"akswtt10700000l"}}
{"logTime": "0806/195050", "correlationVector":"DhJMbpq7oaH+KaAr2hoZz4.2","action":"ProcessGetUpdates", "result":"Done", "context":{"dataType":"History", "deleted":"250", "process_failed_to_decrypt":"0", "process_pending_decryption":"0", "process_success":"250", "total":"250"}}
{"logTime": "0806/195050", "correlationVector":"DhJMbpq7oaH+KaAr2hoZz4.3","action":"GetUpdates Response", "result":"Success", "context":Received 250 update(s). cV=DhJMbpq7oaH+KaAr2hoZz4.0;server=akswtt10700000l;cloudType=Consumer;environment=Prod_southindia_prod-s01-004-apac-southindia;migrationStage=NotStarted Some updates remain.}
{"logTime": "0806/195050", "correlationVector":"kePWYzW2H0C8voxBeaVR0L","action":"Initial GetUpdates", "result":"", "context":Reason: NEWLY_SUPPORTED_DATATYPE. cV=kePWYzW2H0C8voxBeaVR0L}
{"logTime": "0806/195051", "correlationVector":"kePWYzW2H0C8voxBeaVR0L.1","action":"SyncServerConnectionManagerRequest", "result":"SYNC_SERVER_OK", "context":{"environment":"Prod_southindia_prod-s01-004-apac-southindia", "migrationStage":"NotStarted", "server":"akswtt107000028"}}
{"logTime": "0806/195051", "correlationVector":"kePWYzW2H0C8voxBeaVR0L.2","action":"ProcessGetUpdates", "result":"Done", "context":{"dataType":"History", "deleted":"250", "process_failed_to_decrypt":"0", "process_pending_decryption":"0", "process_success":"250", "total":"250"}}
{"logTime": "0806/195051", "correlationVector":"kePWYzW2H0C8voxBeaVR0L.3","action":"GetUpdates Response", "result":"Success", "context":Received 250 update(s). cV=kePWYzW2H0C8voxBeaVR0L.0;server=akswtt107000028;cloudType=Consumer;environment=Prod_southindia_prod-s01-004-apac-southindia;migrationStage=NotStarted Some updates remain.}
{"logTime": "0806/195051", "correlationVector":"d0+a6iUCbfHBbUrtBTY43I","action":"Initial GetUpdates", "result":"", "context":Reason: NEWLY_SUPPORTED_DATATYPE. cV=d0+a6iUCbfHBbUrtBTY43I}
{"logTime": "0806/195051", "correlationVector":"d0+a6iUCbfHBbUrtBTY43I.1","action":"SyncServerConnectionManagerRequest", "result":"SYNC_SERVER_OK", "context":{"environment":"Prod_southindia_prod-s01-004-apac-southindia", "migrationStage":"NotStarted", "server":"akswtt10700000m"}}
{"logTime": "0806/195051", "correlationVector":"d0+a6iUCbfHBbUrtBTY43I.2","action":"ProcessGetUpdates", "result":"Done", "context":{"dataType":"History", "deleted":"250", "process_failed_to_decrypt":"0", "process_pending_decryption":"0", "process_success":"250", "total":"250"}}
{"logTime": "0806/195051", "correlationVector":"d0+a6iUCbfHBbUrtBTY43I.3","action":"GetUpdates Response", "result":"Success", "context":Received 250 update(s). cV=d0+a6iUCbfHBbUrtBTY43I.0;server=akswtt10700000m;cloudType=Consumer;environment=Prod_southindia_prod-s01-004-apac-southindia;migrationStage=NotStarted Some updates remain.}
{"logTime": "0806/195051", "correlationVector":"SvPkKZvkuQB7emIOssjepM","action":"Initial GetUpdates", "result":"", "context":Reason: NEWLY_SUPPORTED_DATATYPE. cV=SvPkKZvkuQB7emIOssjepM}
{"logTime": "0806/195052", "correlationVector":"SvPkKZvkuQB7emIOssjepM.1","action":"SyncServerConnectionManagerRequest", "result":"SYNC_SERVER_OK", "context":{"environment":"Prod_southindia_prod-s01-004-apac-southindia", "migrationStage":"NotStarted", "server":"akswtt10700000d"}}
{"logTime": "0806/195052", "correlationVector":"SvPkKZvkuQB7emIOssjepM.2","action":"ProcessGetUpdates", "result":"Done", "context":{"dataType":"History", "deleted":"250", "process_failed_to_decrypt":"0", "process_pending_decryption":"0", "process_success":"250", "total":"250"}}
{"logTime": "0806/195052", "correlationVector":"SvPkKZvkuQB7emIOssjepM.3","action":"GetUpdates Response", "result":"Success", "context":Received 250 update(s). cV=SvPkKZvkuQB7emIOssjepM.0;server=akswtt10700000d;cloudType=Consumer;environment=Prod_southindia_prod-s01-004-apac-southindia;migrationStage=NotStarted Some updates remain.}
{"logTime": "0806/195052", "correlationVector":"1CpgADN+/mNOBG9kx9zTXL","action":"Initial GetUpdates", "result":"", "context":Reason: NEWLY_SUPPORTED_DATATYPE. cV=1CpgADN+/mNOBG9kx9zTXL}
{"logTime": "0806/195052", "correlationVector":"1CpgADN+/mNOBG9kx9zTXL.1","action":"SyncServerConnectionManagerRequest", "result":"SYNC_SERVER_OK", "context":{"environment":"Prod_southindia_prod-s01-004-apac-southindia", "migrationStage":"NotStarted", "server":"akswtt10700000t"}}
{"logTime": "0806/195052", "correlationVector":"1CpgADN+/mNOBG9kx9zTXL.2","action":"ProcessGetUpdates", "result":"Done", "context":{"dataType":"History", "deleted":"250", "process_failed_to_decrypt":"0", "process_pending_decryption":"0", "process_success":"250", "total":"250"}}
{"logTime": "0806/195052", "correlationVector":"1CpgADN+/mNOBG9kx9zTXL.3","action":"GetUpdates Response", "result":"Success", "context":Received 250 update(s). cV=1CpgADN+/mNOBG9kx9zTXL.0;server=akswtt10700000t;cloudType=Consumer;environment=Prod_southindia_prod-s01-004-apac-southindia;migrationStage=NotStarted Some updates remain.}
{"logTime": "0806/195052", "correlationVector":"ukkCEX466b9ES1R2QuEqi6","action":"Initial GetUpdates", "result":"", "context":Reason: NEWLY_SUPPORTED_DATATYPE. cV=ukkCEX466b9ES1R2QuEqi6}
{"logTime": "0806/195053", "correlationVector":"ukkCEX466b9ES1R2QuEqi6.1","action":"SyncServerConnectionManagerRequest", "result":"SYNC_SERVER_OK", "context":{"environment":"Prod_southindia_prod-s01-004-apac-southindia", "migrationStage":"NotStarted", "server":"akswtt10700000d"}}
{"logTime": "0806/195053", "correlationVector":"ukkCEX466b9ES1R2QuEqi6.2","action":"ProcessGetUpdates", "result":"Done", "context":{"dataType":"History", "deleted":"250", "process_failed_to_decrypt":"0", "process_pending_decryption":"0", "process_success":"250", "total":"250"}}
{"logTime": "0806/195053", "correlationVector":"ukkCEX466b9ES1R2QuEqi6.3","action":"GetUpdates Response", "result":"Success", "context":Received 250 update(s). cV=ukkCEX466b9ES1R2QuEqi6.0;server=akswtt10700000d;cloudType=Consumer;environment=Prod_southindia_prod-s01-004-apac-southindia;migrationStage=NotStarted Some updates remain.}
{"logTime": "0806/195053", "correlationVector":"bqwAbCH9EjLuKerdRwnrM/","action":"Initial GetUpdates", "result":"", "context":Reason: NEWLY_SUPPORTED_DATATYPE. cV=bqwAbCH9EjLuKerdRwnrM/}
{"logTime": "0806/195054", "correlationVector":"bqwAbCH9EjLuKerdRwnrM/.1","action":"SyncServerConnectionManagerRequest", "result":"SYNC_SERVER_OK", "context":{"environment":"Prod_southindia_prod-s01-004-apac-southindia", "migrationStage":"NotStarted", "server":"akswtt10700001w"}}
{"logTime": "0806/195054", "correlationVector":"bqwAbCH9EjLuKerdRwnrM/.2","action":"ProcessGetUpdates", "result":"Done", "context":{"dataType":"History", "deleted":"250", "process_failed_to_decrypt":"0", "process_pending_decryption":"0", "process_success":"250", "total":"250"}}
{"logTime": "0806/195054", "correlationVector":"bqwAbCH9EjLuKerdRwnrM/.3","action":"GetUpdates Response", "result":"Success", "context":Received 250 update(s). cV=bqwAbCH9EjLuKerdRwnrM/.0;server=akswtt10700001w;cloudType=Consumer;environment=Prod_southindia_prod-s01-004-apac-southindia;migrationStage=NotStarted Some updates remain.}
{"logTime": "0806/195054", "correlationVector":"SlQTJzmfaRWNWB6eC6dugM","action":"Initial GetUpdates", "result":"", "context":Reason: NEWLY_SUPPORTED_DATATYPE. cV=SlQTJzmfaRWNWB6eC6dugM}
{"logTime": "0806/195055", "correlationVector":"SlQTJzmfaRWNWB6eC6dugM.1","action":"SyncServerConnectionManagerRequest", "result":"SYNC_SERVER_OK", "context":{"environment":"Prod_southindia_prod-s01-004-apac-southindia", "migrationStage":"NotStarted", "server":"akswtt107000007"}}
{"logTime": "0806/195055", "correlationVector":"SlQTJzmfaRWNWB6eC6dugM.2","action":"ProcessGetUpdates", "result":"Done", "context":{"dataType":"History", "deleted":"250", "process_failed_to_decrypt":"0", "process_pending_decryption":"0", "process_success":"250", "total":"250"}}
{"logTime": "0806/195055", "correlationVector":"SlQTJzmfaRWNWB6eC6dugM.3","action":"GetUpdates Response", "result":"Success", "context":Received 250 update(s). cV=SlQTJzmfaRWNWB6eC6dugM.0;server=akswtt107000007;cloudType=Consumer;environment=Prod_southindia_prod-s01-004-apac-southindia;migrationStage=NotStarted Some updates remain.}
{"logTime": "0806/195055", "correlationVector":"fs7hp26qh/BVyzw7C2dseQ","action":"Initial GetUpdates", "result":"", "context":Reason: NEWLY_SUPPORTED_DATATYPE. cV=fs7hp26qh/BVyzw7C2dseQ}
{"logTime": "0806/195055", "correlationVector":"fs7hp26qh/BVyzw7C2dseQ.1","action":"SyncServerConnectionManagerRequest", "result":"SYNC_SERVER_OK", "context":{"environment":"Prod_southindia_prod-s01-004-apac-southindia", "migrationStage":"NotStarted", "server":"akswtt10700001w"}}
{"logTime": "0806/195055", "correlationVector":"fs7hp26qh/BVyzw7C2dseQ.2","action":"ProcessGetUpdates", "result":"Done", "context":{"dataType":"History", "deleted":"130", "process_failed_to_decrypt":"0", "process_pending_decryption":"0", "process_success":"250", "total":"250"}}
{"logTime": "0806/195055", "correlationVector":"fs7hp26qh/BVyzw7C2dseQ.3","action":"GetUpdates Response", "result":"Success", "context":Received 250 update(s). cV=fs7hp26qh/BVyzw7C2dseQ.0;server=akswtt10700001w;cloudType=Consumer;environment=Prod_southindia_prod-s01-004-apac-southindia;migrationStage=NotStarted Some updates remain.}
{"logTime": "0806/195055", "correlationVector":"dABo658YwsuAyGvELsTo7p","action":"Initial GetUpdates", "result":"", "context":Reason: NEWLY_SUPPORTED_DATATYPE. cV=dABo658YwsuAyGvELsTo7p}
{"logTime": "0806/195056", "correlationVector":"dABo658YwsuAyGvELsTo7p.1","action":"SyncServerConnectionManagerRequest", "result":"SYNC_SERVER_OK", "context":{"environment":"Prod_southindia_prod-s01-004-apac-southindia", "migrationStage":"NotStarted", "server":"akswtt10700000d"}}
{"logTime": "0806/195056", "correlationVector":"dABo658YwsuAyGvELsTo7p.2","action":"ProcessGetUpdates", "result":"Done", "context":{"dataType":"History", "deleted":"0", "process_failed_to_decrypt":"0", "process_pending_decryption":"0", "process_success":"250", "total":"250"}}
{"logTime": "0806/195056", "correlationVector":"dABo658YwsuAyGvELsTo7p.3","action":"GetUpdates Response", "result":"Success", "context":Received 250 update(s). cV=dABo658YwsuAyGvELsTo7p.0;server=akswtt10700000d;cloudType=Consumer;environment=Prod_southindia_prod-s01-004-apac-southindia;migrationStage=NotStarted Some updates remain.}
{"logTime": "0806/195056", "correlationVector":"Ciibe8JFMVxsyBgLHSvvX9","action":"Initial GetUpdates", "result":"", "context":Reason: NEWLY_SUPPORTED_DATATYPE. cV=Ciibe8JFMVxsyBgLHSvvX9}
{"logTime": "0806/195058", "correlationVector":"Ciibe8JFMVxsyBgLHSvvX9.1","action":"SyncServerConnectionManagerRequest", "result":"SYNC_SERVER_OK", "context":{"environment":"Prod_southindia_prod-s01-004-apac-southindia", "migrationStage":"NotStarted", "server":"akswtt10700000t"}}
{"logTime": "0806/195058", "correlationVector":"Ciibe8JFMVxsyBgLHSvvX9.2","action":"ProcessGetUpdates", "result":"Done", "context":{"dataType":"History", "deleted":"0", "process_failed_to_decrypt":"0", "process_pending_decryption":"0", "process_success":"250", "total":"250"}}
{"logTime": "0806/195058", "correlationVector":"Ciibe8JFMVxsyBgLHSvvX9.3","action":"GetUpdates Response", "result":"Success", "context":Received 250 update(s). cV=Ciibe8JFMVxsyBgLHSvvX9.0;server=akswtt10700000t;cloudType=Consumer;environment=Prod_southindia_prod-s01-004-apac-southindia;migrationStage=NotStarted Some updates remain.}
{"logTime": "0806/195058", "correlationVector":"oBQk+vG4Ae0sSK5GKeMZZV","action":"Initial GetUpdates", "result":"", "context":Reason: NEWLY_SUPPORTED_DATATYPE. cV=oBQk+vG4Ae0sSK5GKeMZZV}
{"logTime": "0806/195059", "correlationVector":"oBQk+vG4Ae0sSK5GKeMZZV.1","action":"SyncServerConnectionManagerRequest", "result":"SYNC_SERVER_OK", "context":{"environment":"Prod_southindia_prod-s01-004-apac-southindia", "migrationStage":"NotStarted", "server":"akswtt107000000"}}
{"logTime": "0806/195059", "correlationVector":"oBQk+vG4Ae0sSK5GKeMZZV.2","action":"ProcessGetUpdates", "result":"Done", "context":{"dataType":"History", "deleted":"0", "process_failed_to_decrypt":"0", "process_pending_decryption":"0", "process_success":"250", "total":"250"}}
{"logTime": "0806/195059", "correlationVector":"oBQk+vG4Ae0sSK5GKeMZZV.3","action":"GetUpdates Response", "result":"Success", "context":Received 250 update(s). cV=oBQk+vG4Ae0sSK5GKeMZZV.0;server=akswtt107000000;cloudType=Consumer;environment=Prod_southindia_prod-s01-004-apac-southindia;migrationStage=NotStarted Some updates remain.}
{"logTime": "0806/195059", "correlationVector":"Vo8WNrUxJGv49n3UmAv903","action":"Initial GetUpdates", "result":"", "context":Reason: NEWLY_SUPPORTED_DATATYPE. cV=Vo8WNrUxJGv49n3UmAv903}
{"logTime": "0806/195100", "correlationVector":"Vo8WNrUxJGv49n3UmAv903.1","action":"SyncServerConnectionManagerRequest", "result":"SYNC_SERVER_OK", "context":{"environment":"Prod_southindia_prod-s01-004-apac-southindia", "migrationStage":"NotStarted", "server":"akswtt10700000m"}}
{"logTime": "0806/195100", "correlationVector":"Vo8WNrUxJGv49n3UmAv903.2","action":"ProcessGetUpdates", "result":"Done", "context":{"dataType":"History", "deleted":"0", "process_failed_to_decrypt":"0", "process_pending_decryption":"0", "process_success":"250", "total":"250"}}
{"logTime": "0806/195100", "correlationVector":"Vo8WNrUxJGv49n3UmAv903.3","action":"GetUpdates Response", "result":"Success", "context":Received 250 update(s). cV=Vo8WNrUxJGv49n3UmAv903.0;server=akswtt10700000m;cloudType=Consumer;environment=Prod_southindia_prod-s01-004-apac-southindia;migrationStage=NotStarted Some updates remain.}
{"logTime": "0806/195100", "correlationVector":"HLpTK8goIJ2NsMpQZmoYZU","action":"Initial GetUpdates", "result":"", "context":Reason: NEWLY_SUPPORTED_DATATYPE. cV=HLpTK8goIJ2NsMpQZmoYZU}
{"logTime": "0806/195101", "correlationVector":"HLpTK8goIJ2NsMpQZmoYZU.1","action":"SyncServerConnectionManagerRequest", "result":"SYNC_SERVER_OK", "context":{"environment":"Prod_southindia_prod-s01-004-apac-southindia", "migrationStage":"NotStarted", "server":"akswtt10700000a"}}
{"logTime": "0806/195101", "correlationVector":"HLpTK8goIJ2NsMpQZmoYZU.2","action":"ProcessGetUpdates", "result":"Done", "context":{"dataType":"History", "deleted":"0", "process_failed_to_decrypt":"0", "process_pending_decryption":"0", "process_success":"250", "total":"250"}}
{"logTime": "0806/195101", "correlationVector":"HLpTK8goIJ2NsMpQZmoYZU.3","action":"GetUpdates Response", "result":"Success", "context":Received 250 update(s). cV=HLpTK8goIJ2NsMpQZmoYZU.0;server=akswtt10700000a;cloudType=Consumer;environment=Prod_southindia_prod-s01-004-apac-southindia;migrationStage=NotStarted Some updates remain.}
{"logTime": "0806/195101", "correlationVector":"yi0PAuznk8k3TcmIgBSTv/","action":"Initial GetUpdates", "result":"", "context":Reason: NEWLY_SUPPORTED_DATATYPE. cV=yi0PAuznk8k3TcmIgBSTv/}
{"logTime": "0806/195101", "correlationVector":"yi0PAuznk8k3TcmIgBSTv/.1","action":"SyncServerConnectionManagerRequest", "result":"SYNC_SERVER_OK", "context":{"environment":"Prod_southindia_prod-s01-004-apac-southindia", "migrationStage":"NotStarted", "server":"akswtt10700000a"}}
{"logTime": "0806/195101", "correlationVector":"yi0PAuznk8k3TcmIgBSTv/.2","action":"ProcessGetUpdates", "result":"Done", "context":{"dataType":"History", "deleted":"0", "process_failed_to_decrypt":"0", "process_pending_decryption":"0", "process_success":"250", "total":"250"}}
{"logTime": "0806/195101", "correlationVector":"yi0PAuznk8k3TcmIgBSTv/.3","action":"GetUpdates Response", "result":"Success", "context":Received 250 update(s). cV=yi0PAuznk8k3TcmIgBSTv/.0;server=akswtt10700000a;cloudType=Consumer;environment=Prod_southindia_prod-s01-004-apac-southindia;migrationStage=NotStarted Some updates remain.}
{"logTime": "0806/195101", "correlationVector":"26rgw58vR0G+gRGJ1mlI1l","action":"Initial GetUpdates", "result":"", "context":Reason: NEWLY_SUPPORTED_DATATYPE. cV=26rgw58vR0G+gRGJ1mlI1l}
{"logTime": "0806/195102", "correlationVector":"26rgw58vR0G+gRGJ1mlI1l.1","action":"SyncServerConnectionManagerRequest", "result":"SYNC_SERVER_OK", "context":{"environment":"Prod_southindia_prod-s01-004-apac-southindia", "migrationStage":"NotStarted", "server":"akswtt10700000m"}}
{"logTime": "0806/195102", "correlationVector":"26rgw58vR0G+gRGJ1mlI1l.2","action":"ProcessGetUpdates", "result":"Done", "context":{"dataType":"History", "deleted":"0", "process_failed_to_decrypt":"0", "process_pending_decryption":"0", "process_success":"250", "total":"250"}}
{"logTime": "0806/195102", "correlationVector":"26rgw58vR0G+gRGJ1mlI1l.3","action":"GetUpdates Response", "result":"Success", "context":Received 250 update(s). cV=26rgw58vR0G+gRGJ1mlI1l.0;server=akswtt10700000m;cloudType=Consumer;environment=Prod_southindia_prod-s01-004-apac-southindia;migrationStage=NotStarted Some updates remain.}
{"logTime": "0806/195102", "correlationVector":"Jy3E+59/q2th1fEJwU2X9M","action":"Initial GetUpdates", "result":"", "context":Reason: NEWLY_SUPPORTED_DATATYPE. cV=Jy3E+59/q2th1fEJwU2X9M}
{"logTime": "0806/195103", "correlationVector":"Jy3E+59/q2th1fEJwU2X9M.1","action":"SyncServerConnectionManagerRequest", "result":"SYNC_SERVER_OK", "context":{"environment":"Prod_southindia_prod-s01-004-apac-southindia", "migrationStage":"NotStarted", "server":"akswtt10700000l"}}
{"logTime": "0806/195103", "correlationVector":"Jy3E+59/q2th1fEJwU2X9M.2","action":"ProcessGetUpdates", "result":"Done", "context":{"dataType":"History", "deleted":"0", "process_failed_to_decrypt":"0", "process_pending_decryption":"0", "process_success":"250", "total":"250"}}
{"logTime": "0806/195103", "correlationVector":"Jy3E+59/q2th1fEJwU2X9M.3","action":"GetUpdates Response", "result":"Success", "context":Received 250 update(s). cV=Jy3E+59/q2th1fEJwU2X9M.0;server=akswtt10700000l;cloudType=Consumer;environment=Prod_southindia_prod-s01-004-apac-southindia;migrationStage=NotStarted Some updates remain.}
{"logTime": "0806/195103", "correlationVector":"zRL7nf+Flo7NF/y7bzTebK","action":"Initial GetUpdates", "result":"", "context":Reason: NEWLY_SUPPORTED_DATATYPE. cV=zRL7nf+Flo7NF/y7bzTebK}
{"logTime": "0806/195103", "correlationVector":"zRL7nf+Flo7NF/y7bzTebK.1","action":"SyncServerConnectionManagerRequest", "result":"SYNC_SERVER_OK", "context":{"environment":"Prod_southindia_prod-s01-004-apac-southindia", "migrationStage":"NotStarted", "server":"akswtt10700001y"}}
{"logTime": "0806/195103", "correlationVector":"zRL7nf+Flo7NF/y7bzTebK.2","action":"ProcessGetUpdates", "result":"Done", "context":{"dataType":"History", "deleted":"0", "process_failed_to_decrypt":"0", "process_pending_decryption":"0", "process_success":"250", "total":"250"}}
{"logTime": "0806/195103", "correlationVector":"zRL7nf+Flo7NF/y7bzTebK.3","action":"GetUpdates Response", "result":"Success", "context":Received 250 update(s). cV=zRL7nf+Flo7NF/y7bzTebK.0;server=akswtt10700001y;cloudType=Consumer;environment=Prod_southindia_prod-s01-004-apac-southindia;migrationStage=NotStarted Some updates remain.}
{"logTime": "0806/195103", "correlationVector":"a1XWWb5B4pZnlQUqW/fY1d","action":"Initial GetUpdates", "result":"", "context":Reason: NEWLY_SUPPORTED_DATATYPE. cV=a1XWWb5B4pZnlQUqW/fY1d}
{"logTime": "0806/195105", "correlationVector":"a1XWWb5B4pZnlQUqW/fY1d.1","action":"SyncServerConnectionManagerRequest", "result":"SYNC_SERVER_OK", "context":{"environment":"Prod_southindia_prod-s01-004-apac-southindia", "migrationStage":"NotStarted", "server":"akswtt107000000"}}
{"logTime": "0806/195105", "correlationVector":"a1XWWb5B4pZnlQUqW/fY1d.2","action":"ProcessGetUpdates", "result":"Done", "context":{"dataType":"History", "deleted":"0", "process_failed_to_decrypt":"0", "process_pending_decryption":"0", "process_success":"250", "total":"250"}}
{"logTime": "0806/195105", "correlationVector":"a1XWWb5B4pZnlQUqW/fY1d.3","action":"GetUpdates Response", "result":"Success", "context":Received 250 update(s). cV=a1XWWb5B4pZnlQUqW/fY1d.0;server=akswtt107000000;cloudType=Consumer;environment=Prod_southindia_prod-s01-004-apac-southindia;migrationStage=NotStarted Some updates remain.}
{"logTime": "0806/195105", "correlationVector":"c81qvmc13qpYZPKaiyPgRI","action":"Initial GetUpdates", "result":"", "context":Reason: NEWLY_SUPPORTED_DATATYPE. cV=c81qvmc13qpYZPKaiyPgRI}
{"logTime": "0806/195106", "correlationVector":"c81qvmc13qpYZPKaiyPgRI.1","action":"SyncServerConnectionManagerRequest", "result":"SYNC_SERVER_OK", "context":{"environment":"Prod_southindia_prod-s01-004-apac-southindia", "migrationStage":"NotStarted", "server":"akswtt10700000a"}}
{"logTime": "0806/195106", "correlationVector":"c81qvmc13qpYZPKaiyPgRI.2","action":"ProcessGetUpdates", "result":"Done", "context":{"dataType":"History", "deleted":"0", "process_failed_to_decrypt":"0", "process_pending_decryption":"0", "process_success":"250", "total":"250"}}
{"logTime": "0806/195106", "correlationVector":"c81qvmc13qpYZPKaiyPgRI.3","action":"GetUpdates Response", "result":"Success", "context":Received 250 update(s). cV=c81qvmc13qpYZPKaiyPgRI.0;server=akswtt10700000a;cloudType=Consumer;environment=Prod_southindia_prod-s01-004-apac-southindia;migrationStage=NotStarted Some updates remain.}
{"logTime": "0806/195106", "correlationVector":"zTMp+iNkT4/Uh7wfKtAeCY","action":"Initial GetUpdates", "result":"", "context":Reason: NEWLY_SUPPORTED_DATATYPE. cV=zTMp+iNkT4/Uh7wfKtAeCY}
{"logTime": "0806/195106", "correlationVector":"zTMp+iNkT4/Uh7wfKtAeCY.1","action":"SyncServerConnectionManagerRequest", "result":"SYNC_SERVER_OK", "context":{"environment":"Prod_southindia_prod-s01-004-apac-southindia", "migrationStage":"NotStarted", "server":"akswtt107000028"}}
{"logTime": "0806/195106", "correlationVector":"zTMp+iNkT4/Uh7wfKtAeCY.2","action":"ProcessGetUpdates", "result":"Done", "context":{"dataType":"History", "deleted":"0", "process_failed_to_decrypt":"0", "process_pending_decryption":"0", "process_success":"250", "total":"250"}}
{"logTime": "0806/195106", "correlationVector":"zTMp+iNkT4/Uh7wfKtAeCY.3","action":"GetUpdates Response", "result":"Success", "context":Received 250 update(s). cV=zTMp+iNkT4/Uh7wfKtAeCY.0;server=akswtt107000028;cloudType=Consumer;environment=Prod_southindia_prod-s01-004-apac-southindia;migrationStage=NotStarted Some updates remain.}
{"logTime": "0806/195106", "correlationVector":"yWitS6yqABEyBi3o4HYEvO","action":"Initial GetUpdates", "result":"", "context":Reason: NEWLY_SUPPORTED_DATATYPE. cV=yWitS6yqABEyBi3o4HYEvO}
{"logTime": "0806/195107", "correlationVector":"yWitS6yqABEyBi3o4HYEvO.1","action":"SyncServerConnectionManagerRequest", "result":"SYNC_SERVER_OK", "context":{"environment":"Prod_southindia_prod-s01-004-apac-southindia", "migrationStage":"NotStarted", "server":"akswtt10700000t"}}
{"logTime": "0806/195107", "correlationVector":"yWitS6yqABEyBi3o4HYEvO.2","action":"ProcessGetUpdates", "result":"Done", "context":{"dataType":"History", "deleted":"0", "process_failed_to_decrypt":"0", "process_pending_decryption":"0", "process_success":"250", "total":"250"}}
{"logTime": "0806/195107", "correlationVector":"yWitS6yqABEyBi3o4HYEvO.3","action":"GetUpdates Response", "result":"Success", "context":Received 250 update(s). cV=yWitS6yqABEyBi3o4HYEvO.0;server=akswtt10700000t;cloudType=Consumer;environment=Prod_southindia_prod-s01-004-apac-southindia;migrationStage=NotStarted Some updates remain.}
{"logTime": "0806/195107", "correlationVector":"ARxcKK6Zr04VhWgXjW+hK2","action":"Initial GetUpdates", "result":"", "context":Reason: NEWLY_SUPPORTED_DATATYPE. cV=ARxcKK6Zr04VhWgXjW+hK2}
{"logTime": "0806/195107", "correlationVector":"ARxcKK6Zr04VhWgXjW+hK2.1","action":"SyncServerConnectionManagerRequest", "result":"SYNC_SERVER_OK", "context":{"environment":"Prod_southindia_prod-s01-004-apac-southindia", "migrationStage":"NotStarted", "server":"akswtt107000028"}}
{"logTime": "0806/195107", "correlationVector":"ARxcKK6Zr04VhWgXjW+hK2.2","action":"ProcessGetUpdates", "result":"Done", "context":{"dataType":"History", "deleted":"0", "process_failed_to_decrypt":"0", "process_pending_decryption":"0", "process_success":"250", "total":"250"}}
{"logTime": "0806/195107", "correlationVector":"ARxcKK6Zr04VhWgXjW+hK2.3","action":"GetUpdates Response", "result":"Success", "context":Received 250 update(s). cV=ARxcKK6Zr04VhWgXjW+hK2.0;server=akswtt107000028;cloudType=Consumer;environment=Prod_southindia_prod-s01-004-apac-southindia;migrationStage=NotStarted Some updates remain.}
{"logTime": "0806/195107", "correlationVector":"PIpBl9guXi2lRH9jh6D80M","action":"Initial GetUpdates", "result":"", "context":Reason: NEWLY_SUPPORTED_DATATYPE. cV=PIpBl9guXi2lRH9jh6D80M}
{"logTime": "0806/195108", "correlationVector":"PIpBl9guXi2lRH9jh6D80M.1","action":"SyncServerConnectionManagerRequest", "result":"SYNC_SERVER_OK", "context":{"environment":"Prod_southindia_prod-s01-004-apac-southindia", "migrationStage":"NotStarted", "server":"akswtt107000000"}}
{"logTime": "0806/195108", "correlationVector":"PIpBl9guXi2lRH9jh6D80M.2","action":"ProcessGetUpdates", "result":"Done", "context":{"dataType":"History", "deleted":"0", "process_failed_to_decrypt":"0", "process_pending_decryption":"0", "process_success":"250", "total":"250"}}
{"logTime": "0806/195108", "correlationVector":"PIpBl9guXi2lRH9jh6D80M.3","action":"GetUpdates Response", "result":"Success", "context":Received 250 update(s). cV=PIpBl9guXi2lRH9jh6D80M.0;server=akswtt107000000;cloudType=Consumer;environment=Prod_southindia_prod-s01-004-apac-southindia;migrationStage=NotStarted Some updates remain.}
{"logTime": "0806/195108", "correlationVector":"HZLXsXHLDg4X+3TIyxn3lm","action":"Initial GetUpdates", "result":"", "context":Reason: NEWLY_SUPPORTED_DATATYPE. cV=HZLXsXHLDg4X+3TIyxn3lm}
{"logTime": "0806/195109", "correlationVector":"HZLXsXHLDg4X+3TIyxn3lm.1","action":"SyncServerConnectionManagerRequest", "result":"SYNC_SERVER_OK", "context":{"environment":"Prod_southindia_prod-s01-004-apac-southindia", "migrationStage":"NotStarted", "server":"akswtt107000028"}}
{"logTime": "0806/195109", "correlationVector":"HZLXsXHLDg4X+3TIyxn3lm.2","action":"ProcessGetUpdates", "result":"Done", "context":{"dataType":"History", "deleted":"0", "process_failed_to_decrypt":"0", "process_pending_decryption":"0", "process_success":"250", "total":"250"}}
{"logTime": "0806/195109", "correlationVector":"HZLXsXHLDg4X+3TIyxn3lm.3","action":"GetUpdates Response", "result":"Success", "context":Received 250 update(s). cV=HZLXsXHLDg4X+3TIyxn3lm.0;server=akswtt107000028;cloudType=Consumer;environment=Prod_southindia_prod-s01-004-apac-southindia;migrationStage=NotStarted Some updates remain.}
{"logTime": "0806/195109", "correlationVector":"UhUCn6YyEqQ4N2a+2H6XSI","action":"Initial GetUpdates", "result":"", "context":Reason: NEWLY_SUPPORTED_DATATYPE. cV=UhUCn6YyEqQ4N2a+2H6XSI}
{"logTime": "0806/195110", "correlationVector":"UhUCn6YyEqQ4N2a+2H6XSI.1","action":"SyncServerConnectionManagerRequest", "result":"SYNC_SERVER_OK", "context":{"environment":"Prod_southindia_prod-s01-004-apac-southindia", "migrationStage":"NotStarted", "server":"akswtt10700001y"}}
{"logTime": "0806/195110", "correlationVector":"UhUCn6YyEqQ4N2a+2H6XSI.2","action":"ProcessGetUpdates", "result":"Done", "context":{"dataType":"History", "deleted":"0", "process_failed_to_decrypt":"0", "process_pending_decryption":"0", "process_success":"250", "total":"250"}}
{"logTime": "0806/195110", "correlationVector":"UhUCn6YyEqQ4N2a+2H6XSI.3","action":"GetUpdates Response", "result":"Success", "context":Received 250 update(s). cV=UhUCn6YyEqQ4N2a+2H6XSI.0;server=akswtt10700001y;cloudType=Consumer;environment=Prod_southindia_prod-s01-004-apac-southindia;migrationStage=NotStarted Some updates remain.}
{"logTime": "0806/195110", "correlationVector":"bP74oYuc5FrZr3F2t/4ns7","action":"Initial GetUpdates", "result":"", "context":Reason: NEWLY_SUPPORTED_DATATYPE. cV=bP74oYuc5FrZr3F2t/4ns7}
{"logTime": "0806/195111", "correlationVector":"bP74oYuc5FrZr3F2t/4ns7.1","action":"SyncServerConnectionManagerRequest", "result":"SYNC_SERVER_OK", "context":{"environment":"Prod_southindia_prod-s01-004-apac-southindia", "migrationStage":"NotStarted", "server":"akswtt107000028"}}
{"logTime": "0806/195111", "correlationVector":"bP74oYuc5FrZr3F2t/4ns7.2","action":"ProcessGetUpdates", "result":"Done", "context":{"dataType":"History", "deleted":"0", "process_failed_to_decrypt":"0", "process_pending_decryption":"0", "process_success":"250", "total":"250"}}
{"logTime": "0806/195111", "correlationVector":"bP74oYuc5FrZr3F2t/4ns7.3","action":"GetUpdates Response", "result":"Success", "context":Received 250 update(s). cV=bP74oYuc5FrZr3F2t/4ns7.0;server=akswtt107000028;cloudType=Consumer;environment=Prod_southindia_prod-s01-004-apac-southindia;migrationStage=NotStarted Some updates remain.}
{"logTime": "0806/195111", "correlationVector":"aReyEmQxTaKvugO6ckDDtf","action":"Initial GetUpdates", "result":"", "context":Reason: NEWLY_SUPPORTED_DATATYPE. cV=aReyEmQxTaKvugO6ckDDtf}
{"logTime": "0806/195111", "correlationVector":"aReyEmQxTaKvugO6ckDDtf.1","action":"SyncServerConnectionManagerRequest", "result":"SYNC_SERVER_OK", "context":{"environment":"Prod_southindia_prod-s01-004-apac-southindia", "migrationStage":"NotStarted", "server":"akswtt10700000d"}}
{"logTime": "0806/195111", "correlationVector":"aReyEmQxTaKvugO6ckDDtf.2","action":"ProcessGetUpdates", "result":"Done", "context":{"dataType":"History", "deleted":"0", "process_failed_to_decrypt":"0", "process_pending_decryption":"0", "process_success":"250", "total":"250"}}
{"logTime": "0806/195111", "correlationVector":"aReyEmQxTaKvugO6ckDDtf.3","action":"GetUpdates Response", "result":"Success", "context":Received 250 update(s). cV=aReyEmQxTaKvugO6ckDDtf.0;server=akswtt10700000d;cloudType=Consumer;environment=Prod_southindia_prod-s01-004-apac-southindia;migrationStage=NotStarted Some updates remain.}
{"logTime": "0806/195111", "correlationVector":"JU8dh3aZ17yg+uRas12qxM","action":"Initial GetUpdates", "result":"", "context":Reason: NEWLY_SUPPORTED_DATATYPE. cV=JU8dh3aZ17yg+uRas12qxM}
{"logTime": "0806/195112", "correlationVector":"JU8dh3aZ17yg+uRas12qxM.1","action":"SyncServerConnectionManagerRequest", "result":"SYNC_SERVER_OK", "context":{"environment":"Prod_southindia_prod-s01-004-apac-southindia", "migrationStage":"NotStarted", "server":"akswtt10700001y"}}
{"logTime": "0806/195112", "correlationVector":"JU8dh3aZ17yg+uRas12qxM.2","action":"ProcessGetUpdates", "result":"Done", "context":{"dataType":"History", "deleted":"0", "process_failed_to_decrypt":"0", "process_pending_decryption":"0", "process_success":"250", "total":"250"}}
{"logTime": "0806/195112", "correlationVector":"JU8dh3aZ17yg+uRas12qxM.3","action":"GetUpdates Response", "result":"Success", "context":Received 250 update(s). cV=JU8dh3aZ17yg+uRas12qxM.0;server=akswtt10700001y;cloudType=Consumer;environment=Prod_southindia_prod-s01-004-apac-southindia;migrationStage=NotStarted Some updates remain.}
{"logTime": "0806/195112", "correlationVector":"UbTpHeFrR6HGpFV35YOZTr","action":"Initial GetUpdates", "result":"", "context":Reason: NEWLY_SUPPORTED_DATATYPE. cV=UbTpHeFrR6HGpFV35YOZTr}
{"logTime": "0806/195112", "correlationVector":"UbTpHeFrR6HGpFV35YOZTr.1","action":"SyncServerConnectionManagerRequest", "result":"SYNC_SERVER_OK", "context":{"environment":"Prod_southindia_prod-s01-004-apac-southindia", "migrationStage":"NotStarted", "server":"akswtt10700000t"}}
{"logTime": "0806/195112", "correlationVector":"UbTpHeFrR6HGpFV35YOZTr.2","action":"ProcessGetUpdates", "result":"Done", "context":{"dataType":"History", "deleted":"0", "process_failed_to_decrypt":"0", "process_pending_decryption":"0", "process_success":"250", "total":"250"}}
{"logTime": "0806/195112", "correlationVector":"UbTpHeFrR6HGpFV35YOZTr.3","action":"GetUpdates Response", "result":"Success", "context":Received 250 update(s). cV=UbTpHeFrR6HGpFV35YOZTr.0;server=akswtt10700000t;cloudType=Consumer;environment=Prod_southindia_prod-s01-004-apac-southindia;migrationStage=NotStarted Some updates remain.}
{"logTime": "0806/195112", "correlationVector":"zOQL7w9mZt+fI/M+AF34fm","action":"Initial GetUpdates", "result":"", "context":Reason: NEWLY_SUPPORTED_DATATYPE. cV=zOQL7w9mZt+fI/M+AF34fm}
{"logTime": "0806/195113", "correlationVector":"zOQL7w9mZt+fI/M+AF34fm.1","action":"SyncServerConnectionManagerRequest", "result":"SYNC_SERVER_OK", "context":{"environment":"Prod_southindia_prod-s01-004-apac-southindia", "migrationStage":"NotStarted", "server":"akswtt10700001w"}}
{"logTime": "0806/195113", "correlationVector":"zOQL7w9mZt+fI/M+AF34fm.2","action":"ProcessGetUpdates", "result":"Done", "context":{"dataType":"History", "deleted":"0", "process_failed_to_decrypt":"0", "process_pending_decryption":"0", "process_success":"250", "total":"250"}}
{"logTime": "0806/195113", "correlationVector":"zOQL7w9mZt+fI/M+AF34fm.3","action":"GetUpdates Response", "result":"Success", "context":Received 250 update(s). cV=zOQL7w9mZt+fI/M+AF34fm.0;server=akswtt10700001w;cloudType=Consumer;environment=Prod_southindia_prod-s01-004-apac-southindia;migrationStage=NotStarted Some updates remain.}
{"logTime": "0806/195113", "correlationVector":"IyZ8WL1QEhyPVomn7/Az9l","action":"Initial GetUpdates", "result":"", "context":Reason: NEWLY_SUPPORTED_DATATYPE. cV=IyZ8WL1QEhyPVomn7/Az9l}
{"logTime": "0806/195114", "correlationVector":"IyZ8WL1QEhyPVomn7/Az9l.1","action":"SyncServerConnectionManagerRequest", "result":"SYNC_SERVER_OK", "context":{"environment":"Prod_southindia_prod-s01-004-apac-southindia", "migrationStage":"NotStarted", "server":"akswtt10700001y"}}
{"logTime": "0806/195114", "correlationVector":"IyZ8WL1QEhyPVomn7/Az9l.2","action":"ProcessGetUpdates", "result":"Done", "context":{"dataType":"History", "deleted":"0", "process_failed_to_decrypt":"0", "process_pending_decryption":"0", "process_success":"250", "total":"250"}}
{"logTime": "0806/195114", "correlationVector":"IyZ8WL1QEhyPVomn7/Az9l.3","action":"GetUpdates Response", "result":"Success", "context":Received 250 update(s). cV=IyZ8WL1QEhyPVomn7/Az9l.0;server=akswtt10700001y;cloudType=Consumer;environment=Prod_southindia_prod-s01-004-apac-southindia;migrationStage=NotStarted Some updates remain.}
{"logTime": "0806/195114", "correlationVector":"JijoeZqH/3PnTz/vFwJmtg","action":"Initial GetUpdates", "result":"", "context":Reason: NEWLY_SUPPORTED_DATATYPE. cV=JijoeZqH/3PnTz/vFwJmtg}
{"logTime": "0806/195114", "correlationVector":"JijoeZqH/3PnTz/vFwJmtg.1","action":"SyncServerConnectionManagerRequest", "result":"SYNC_SERVER_OK", "context":{"environment":"Prod_southindia_prod-s01-004-apac-southindia", "migrationStage":"NotStarted", "server":"akswtt107000028"}}
{"logTime": "0806/195114", "correlationVector":"JijoeZqH/3PnTz/vFwJmtg.2","action":"ProcessGetUpdates", "result":"Done", "context":{"dataType":"History", "deleted":"0", "process_failed_to_decrypt":"0", "process_pending_decryption":"0", "process_success":"250", "total":"250"}}
{"logTime": "0806/195114", "correlationVector":"JijoeZqH/3PnTz/vFwJmtg.3","action":"GetUpdates Response", "result":"Success", "context":Received 250 update(s). cV=JijoeZqH/3PnTz/vFwJmtg.0;server=akswtt107000028;cloudType=Consumer;environment=Prod_southindia_prod-s01-004-apac-southindia;migrationStage=NotStarted Some updates remain.}
{"logTime": "0806/195114", "correlationVector":"GWvhwgmIBTwEzXgNk352SN","action":"Initial GetUpdates", "result":"", "context":Reason: NEWLY_SUPPORTED_DATATYPE. cV=GWvhwgmIBTwEzXgNk352SN}
{"logTime": "0806/195115", "correlationVector":"GWvhwgmIBTwEzXgNk352SN.1","action":"SyncServerConnectionManagerRequest", "result":"SYNC_SERVER_OK", "context":{"environment":"Prod_southindia_prod-s01-004-apac-southindia", "migrationStage":"NotStarted", "server":"akswtt10700000a"}}
{"logTime": "0806/195115", "correlationVector":"GWvhwgmIBTwEzXgNk352SN.2","action":"ProcessGetUpdates", "result":"Done", "context":{"dataType":"History", "deleted":"0", "process_failed_to_decrypt":"0", "process_pending_decryption":"0", "process_success":"250", "total":"250"}}
{"logTime": "0806/195115", "correlationVector":"GWvhwgmIBTwEzXgNk352SN.3","action":"GetUpdates Response", "result":"Success", "context":Received 250 update(s). cV=GWvhwgmIBTwEzXgNk352SN.0;server=akswtt10700000a;cloudType=Consumer;environment=Prod_southindia_prod-s01-004-apac-southindia;migrationStage=NotStarted Some updates remain.}
{"logTime": "0806/195115", "correlationVector":"okbNg/GmQ2hGrNbd6KWbnE","action":"Initial GetUpdates", "result":"", "context":Reason: NEWLY_SUPPORTED_DATATYPE. cV=okbNg/GmQ2hGrNbd6KWbnE}
{"logTime": "0806/195116", "correlationVector":"okbNg/GmQ2hGrNbd6KWbnE.1","action":"SyncServerConnectionManagerRequest", "result":"SYNC_SERVER_OK", "context":{"environment":"Prod_southindia_prod-s01-004-apac-southindia", "migrationStage":"NotStarted", "server":"akswtt10700001w"}}
{"logTime": "0806/195116", "correlationVector":"okbNg/GmQ2hGrNbd6KWbnE.2","action":"ProcessGetUpdates", "result":"Done", "context":{"dataType":"History", "deleted":"0", "process_failed_to_decrypt":"0", "process_pending_decryption":"0", "process_success":"250", "total":"250"}}
{"logTime": "0806/195116", "correlationVector":"okbNg/GmQ2hGrNbd6KWbnE.3","action":"GetUpdates Response", "result":"Success", "context":Received 250 update(s). cV=okbNg/GmQ2hGrNbd6KWbnE.0;server=akswtt10700001w;cloudType=Consumer;environment=Prod_southindia_prod-s01-004-apac-southindia;migrationStage=NotStarted Some updates remain.}
{"logTime": "0806/195116", "correlationVector":"R9XHMJgUCOd7/Xg2dN0CHs","action":"Initial GetUpdates", "result":"", "context":Reason: NEWLY_SUPPORTED_DATATYPE. cV=R9XHMJgUCOd7/Xg2dN0CHs}
{"logTime": "0806/195116", "correlationVector":"R9XHMJgUCOd7/Xg2dN0CHs.1","action":"SyncServerConnectionManagerRequest", "result":"SYNC_SERVER_OK", "context":{"environment":"Prod_southindia_prod-s01-004-apac-southindia", "migrationStage":"NotStarted", "server":"akswtt10700001y"}}
{"logTime": "0806/195116", "correlationVector":"R9XHMJgUCOd7/Xg2dN0CHs.2","action":"ProcessGetUpdates", "result":"Done", "context":{"dataType":"History", "deleted":"0", "process_failed_to_decrypt":"0", "process_pending_decryption":"0", "process_success":"250", "total":"250"}}
{"logTime": "0806/195116", "correlationVector":"R9XHMJgUCOd7/Xg2dN0CHs.3","action":"GetUpdates Response", "result":"Success", "context":Received 250 update(s). cV=R9XHMJgUCOd7/Xg2dN0CHs.0;server=akswtt10700001y;cloudType=Consumer;environment=Prod_southindia_prod-s01-004-apac-southindia;migrationStage=NotStarted Some updates remain.}
{"logTime": "0806/195116", "correlationVector":"qLJ3C/mwsLO9hBtDfd1n6B","action":"Initial GetUpdates", "result":"", "context":Reason: NEWLY_SUPPORTED_DATATYPE. cV=qLJ3C/mwsLO9hBtDfd1n6B}
{"logTime": "0806/195117", "correlationVector":"qLJ3C/mwsLO9hBtDfd1n6B.1","action":"SyncServerConnectionManagerRequest", "result":"SYNC_SERVER_OK", "context":{"environment":"Prod_southindia_prod-s01-004-apac-southindia", "migrationStage":"NotStarted", "server":"akswtt107000007"}}
{"logTime": "0806/195117", "correlationVector":"qLJ3C/mwsLO9hBtDfd1n6B.2","action":"ProcessGetUpdates", "result":"Done", "context":{"dataType":"History", "deleted":"0", "process_failed_to_decrypt":"0", "process_pending_decryption":"0", "process_success":"250", "total":"250"}}
{"logTime": "0806/195117", "correlationVector":"qLJ3C/mwsLO9hBtDfd1n6B.3","action":"GetUpdates Response", "result":"Success", "context":Received 250 update(s). cV=qLJ3C/mwsLO9hBtDfd1n6B.0;server=akswtt107000007;cloudType=Consumer;environment=Prod_southindia_prod-s01-004-apac-southindia;migrationStage=NotStarted Some updates remain.}
{"logTime": "0806/195117", "correlationVector":"+/yHKIXUy8MbP+N/rt0hCT","action":"Initial GetUpdates", "result":"", "context":Reason: NEWLY_SUPPORTED_DATATYPE. cV=+/yHKIXUy8MbP+N/rt0hCT}
{"logTime": "0806/195118", "correlationVector":"+/yHKIXUy8MbP+N/rt0hCT.1","action":"SyncServerConnectionManagerRequest", "result":"SYNC_SERVER_OK", "context":{"environment":"Prod_southindia_prod-s01-004-apac-southindia", "migrationStage":"NotStarted", "server":"akswtt10700000a"}}
{"logTime": "0806/195118", "correlationVector":"+/yHKIXUy8MbP+N/rt0hCT.2","action":"ProcessGetUpdates", "result":"Done", "context":{"dataType":"History", "deleted":"0", "process_failed_to_decrypt":"0", "process_pending_decryption":"0", "process_success":"250", "total":"250"}}
{"logTime": "0806/195118", "correlationVector":"+/yHKIXUy8MbP+N/rt0hCT.3","action":"GetUpdates Response", "result":"Success", "context":Received 250 update(s). cV=+/yHKIXUy8MbP+N/rt0hCT.0;server=akswtt10700000a;cloudType=Consumer;environment=Prod_southindia_prod-s01-004-apac-southindia;migrationStage=NotStarted Some updates remain.}
{"logTime": "0806/195118", "correlationVector":"Pwmh8DC6lXbIJ1J4Arhvrt","action":"Initial GetUpdates", "result":"", "context":Reason: NEWLY_SUPPORTED_DATATYPE. cV=Pwmh8DC6lXbIJ1J4Arhvrt}
{"logTime": "0806/195119", "correlationVector":"Pwmh8DC6lXbIJ1J4Arhvrt.1","action":"SyncServerConnectionManagerRequest", "result":"SYNC_SERVER_OK", "context":{"environment":"Prod_southindia_prod-s01-004-apac-southindia", "migrationStage":"NotStarted", "server":"akswtt107000003"}}
{"logTime": "0806/195119", "correlationVector":"Pwmh8DC6lXbIJ1J4Arhvrt.2","action":"ProcessGetUpdates", "result":"Done", "context":{"dataType":"History", "deleted":"0", "process_failed_to_decrypt":"0", "process_pending_decryption":"0", "process_success":"226", "total":"226"}}
{"logTime": "0806/195119", "correlationVector":"Pwmh8DC6lXbIJ1J4Arhvrt.3","action":"GetUpdates Response", "result":"Success", "context":Received 226 update(s). cV=Pwmh8DC6lXbIJ1J4Arhvrt.0;server=akswtt107000003;cloudType=Consumer;environment=Prod_southindia_prod-s01-004-apac-southindia;migrationStage=NotStarted}
{"logTime": "0806/195119", "correlationVector":"zKXcDZbFItWxZyvfW0Jakc","action":"Normal GetUpdate request", "result":"", "context":cV=zKXcDZbFItWxZyvfW0Jakc
Nudged types: Sessions, Device Info, User Consents, Edge Hub App Usage
Refresh requested types: Bookmarks, Preferences, Passwords, Autofill Profiles, Autofill, Extensions, Sessions, Extension settings, History Delete Directives, Device Info, User Consents, Send Tab To Self, Web Apps, History, Saved Tab Group, WebAuthn Credentials, Edge E Drop, Edge Hub App Usage, Edge Workspace, Encryption Keys}
{"logTime": "0806/195119", "correlationVector":"zKXcDZbFItWxZyvfW0Jakc.1","action":"SyncServerConnectionManagerRequest", "result":"SYNC_SERVER_OK", "context":{"environment":"Prod_southindia_prod-s01-004-apac-southindia", "migrationStage":"NotStarted", "server":"akswtt10700001y"}}
{"logTime": "0806/195119", "correlationVector":"zKXcDZbFItWxZyvfW0Jakc.2","action":"GetUpdates Response", "result":"Success", "context":Received 0 update(s). cV=zKXcDZbFItWxZyvfW0Jakc.0;server=akswtt10700001y;cloudType=Consumer;environment=Prod_southindia_prod-s01-004-apac-southindia;migrationStage=NotStarted}
{"logTime": "0806/195120", "correlationVector":"GXkBmrn/ilnuvd3JKvZ23X","action":"DoCompareDataConsistency: ", "result":"has local changes and skip compare"}
{"logTime": "0806/195120", "correlationVector":"qlhkNmUUuPdmMaiVcoTiIQ","action":"Commit Request", "result":"", "context":Item count: 18
Contributing types: Passwords, Sessions, Device Info, User Consents, Edge Hub App Usage}
{"logTime": "0806/195123", "correlationVector":"qlhkNmUUuPdmMaiVcoTiIQ.1","action":"SyncServerConnectionManagerRequest", "result":"SYNC_SERVER_OK", "context":{"environment":"Prod_southindia_prod-s01-004-apac-southindia", "migrationStage":"NotStarted", "server":"akswtt10700001w"}}
{"logTime": "0806/195123", "correlationVector":"qlhkNmUUuPdmMaiVcoTiIQ.2","action":"Commit Response", "result":"Success", "context":Result: Success. cV=qlhkNmUUuPdmMaiVcoTiIQ.0;server=akswtt10700001w;cloudType=Consumer;environment=Prod_southindia_prod-s01-004-apac-southindia;migrationStage=NotStarted}
